['null', 'null']
['null', 'null']
['null', 'null']
['null', 'null']
['null', 'null']
['null', 'null']
['null', 'null']
['null', 'null']
['null', 'null']
['null', 'null']
['null', 'null']
['null', 'null']
['null', 'null']
['null', 'null']
['null', 'null']
['null', 'null']
['null', 'null']
['null', 'null']
['null', 'null']
['null', 'null']
['null', 'null']
['null', 'null']
['null', 'null']
['null', 'null']
['null', 'null']
['null', 'null']
['null', 'null']
['null', 'null']
['null', 'null']
['null', 'null']
['null', 'null']
['null', 'null']
['null', 'null']
['null', 'null']
['null', 'null']
['null', 'null']
['null', 'null']
['null', 'null']
['null', 'null']
['null', 'null']
['null', 'null']
['null', 'null']
['null', 'null']
['null', 'null']
['null', 'null']
['null', 'null']
['null', 'null']
['null', 'null']
['null', 'null']
['null', 'null']
['null', 'null']
['null', 'null']
['null', 'null']
['null', 'null']
['null', 'null']
['null', 'null']
['null', 'null']
['null', 'null']
['null', 'null']
['null', 'null']
['null', 'null']
['null', 'null']
['null', 'null']
['null', 'null']
['null', 'null']
['null', 'null']
['null', 'null']
['null', 'null']
['null', 'null']
['if it is set at some point', 'if it is set at some point']
['null', 'null']
['null', 'null']
['null', 'null']
['null', 'null']
['null', 'null']
['null', 'null']
['null', 'null']
['null', 'null']
['null', 'null']
['If passed', 'If passed']
['If passed', 'If passed']
['If passed', 'If passed']
['If passed', 'If passed']
['null', 'null']
['null', 'null']
['null', 'null']
['null', 'null']
['null', 'null']
['null', 'null']
['null', 'null']
['if the allocation fails', 'if the allocation fails']
['if the allocation fails.dbus_malloc0_APIParam_0 must be released with dbus_free_APIName', 'if the allocation fails.dbus_malloc0_APIParam_0 must be released with dbus_free_APIName']
['if the resize fails', 'if the resize fails']
['if none', 'if none']
['if none', 'if none']
['if none', 'if none']
['if memory can not be allocated for the message', 'if memory can not be allocated for the message']
['if memory can not be allocated for the message', 'if memory can not be allocated for the message']
['if memory can not be allocated for the message', 'if memory can not be allocated for the message']
['if the allocation fails', 'if the allocation fails']
['if the allocation fails.dbus_malloc0_APIParam_0 must be released with dbus_free_APIName', 'if the allocation fails.dbus_malloc0_APIParam_0 must be released with dbus_free_APIName']
['if the resize fails', 'if the resize fails']
['if none', 'if none']
['if none', 'if none']
['if none', 'if none']
['if memory can not be allocated for the message', 'if memory can not be allocated for the message']
['if memory can not be allocated for the message', 'if memory can not be allocated for the message']
['if memory can not be allocated for the message', 'if memory can not be allocated for the message']
['if the allocation fails', 'if the allocation fails']
['if the allocation fails.dbus_malloc0_APIParam_0 must be released with dbus_free_APIName', 'if the allocation fails.dbus_malloc0_APIParam_0 must be released with dbus_free_APIName']
['if the resize fails', 'if the resize fails']
['if none', 'if none']
['if none', 'if none']
['if none', 'if none']
['if memory can not be allocated for the message', 'if memory can not be allocated for the message']
['if memory can not be allocated for the message', 'if memory can not be allocated for the message']
['if memory can not be allocated for the message', 'if memory can not be allocated for the message']
['if the allocation fails', 'if the allocation fails']
['if the allocation fails.dbus_malloc0_APIParam_0 must be released with dbus_free_APIName', 'if the allocation fails.dbus_malloc0_APIParam_0 must be released with dbus_free_APIName']
['if the resize fails', 'if the resize fails']
['if none', 'if none']
['if none', 'if none']
['if none', 'if none']
['if memory can not be allocated for the message', 'if memory can not be allocated for the message']
['if memory can not be allocated for the message', 'if memory can not be allocated for the message']
['if memory can not be allocated for the message', 'if memory can not be allocated for the message']
['if the allocation fails', 'if the allocation fails']
['if the allocation fails.dbus_malloc0_APIParam_0 must be released with dbus_free_APIName', 'if the allocation fails.dbus_malloc0_APIParam_0 must be released with dbus_free_APIName']
['if the resize fails', 'if the resize fails']
['if none', 'if none']
['if none', 'if none']
['if none', 'if none']
['if memory can not be allocated for the message', 'if memory can not be allocated for the message']
['if memory can not be allocated for the message', 'if memory can not be allocated for the message']
['if memory can not be allocated for the message', 'if memory can not be allocated for the message']
['if the allocation fails', 'if the allocation fails']
['if the allocation fails.dbus_malloc0_APIParam_0 must be released with dbus_free_APIName', 'if the allocation fails.dbus_malloc0_APIParam_0 must be released with dbus_free_APIName']
['if the resize fails', 'if the resize fails']
['if none', 'if none']
['if none', 'if none']
['if none', 'if none']
['if memory can not be allocated for the message', 'if memory can not be allocated for the message']
['if memory can not be allocated for the message', 'if memory can not be allocated for the message']
['if memory can not be allocated for the message', 'if memory can not be allocated for the message']
['if the allocation fails', 'if the allocation fails']
['if the allocation fails.dbus_malloc0_APIParam_0 must be released with dbus_free_APIName', 'if the allocation fails.dbus_malloc0_APIParam_0 must be released with dbus_free_APIName']
['if the resize fails', 'if the resize fails']
['if none', 'if none']
['if none', 'if none']
['if none', 'if none']
['if memory can not be allocated for the message', 'if memory can not be allocated for the message']
['if memory can not be allocated for the message', 'if memory can not be allocated for the message']
['if memory can not be allocated for the message', 'if memory can not be allocated for the message']
['if the allocation fails', 'if the allocation fails']
['if the allocation fails.dbus_malloc0_APIParam_0 must be released with dbus_free_APIName', 'if the allocation fails.dbus_malloc0_APIParam_0 must be released with dbus_free_APIName']
['if the resize fails', 'if the resize fails']
['if none', 'if none']
['if none', 'if none']
['if none', 'if none']
['if memory can not be allocated for the message', 'if memory can not be allocated for the message']
['if memory can not be allocated for the message', 'if memory can not be allocated for the message']
['if memory can not be allocated for the message', 'if memory can not be allocated for the message']
['if the allocation fails', 'if the allocation fails']
['if the allocation fails.dbus_malloc0_APIParam_0 must be released with dbus_free_APIName', 'if the allocation fails.dbus_malloc0_APIParam_0 must be released with dbus_free_APIName']
['if the resize fails', 'if the resize fails']
['if none', 'if none']
['if none', 'if none']
['if none', 'if none']
['if memory can not be allocated for the message', 'if memory can not be allocated for the message']
['if memory can not be allocated for the message', 'if memory can not be allocated for the message']
['if memory can not be allocated for the message', 'if memory can not be allocated for the message']
['null', 'null']
['null', 'null']
['null', 'null']
['null', 'null']
['null', 'null']
['null', 'null']
['null', 'null']
['null', 'null']
['null', 'null']
['while NO other threads are using D-Bus', 'while NO other threads are using D-Bus']
['null', 'null']
['null', 'null']
['null', 'null']
['null', 'null']
['null', 'null']
['null', 'null']
['null', 'null']
['null', 'null']
['null', 'null']
['null', 'null']
['null', 'null']
['null', 'null']
['null', 'null']
['null', 'null']
['null', 'null']
['null', 'null']
['null', 'null']
['null', 'null']
['null', 'null']
['null', 'null']
['null', 'null']
['null', 'null']
['null', 'null']
['null', 'null']
['null', 'null']
['null', 'null']
['null', 'null']
['null', 'null']
['null', 'null']
['null', 'null']
['null', 'null']
['null', 'null']
['null', 'null']
['null', 'null']
['null', 'null']
['null', 'null']
['null', 'null']
['null', 'null']
['null', 'null']
['null', 'null']
['null', 'null']
['null', 'null']
['null', 'null']
['null', 'null']
['null', 'null']
['null', 'null']
['null', 'null']
['null', 'null']
['null', 'null']
['null', 'null']
['null', 'null']
['null', 'null']
['null', 'null']
['null', 'null']
['null', 'null']
['null', 'null']
['null', 'null']
['null', 'null']
['null', 'null']
['null', 'null']
['null', 'null']
['null', 'null']
['null', 'null']
['null', 'null']
['null', 'null']
['null', 'null']
['null', 'null']
['null', 'null']
['null', 'null']
['null', 'null']
['null', 'null']
['null', 'null']
['null', 'null']
['null', 'null']
['null', 'null']
['null', 'null']
['null', 'null']
['null', 'null']
['null', 'null']
['null', 'null']
['null', 'null']
['null', 'null']
['null', 'null']
['null', 'null']
['null', 'null']
['null', 'null']
['null', 'null']
['null', 'null']
['null', 'null']
['null', 'null']
['null', 'null']
['null', 'null']
['null', 'null']
['If you need those', 'If you need those']
['If you do not do this libdbus', 'If you do not do this libdbus']
['null', 'null']
['null', 'null']
['null', 'null']
['null', 'null']
['null', 'null']
['null', 'null']
['null', 'null']
['null', 'null']
['null', 'null']
['null', 'null']
['If you need them without this flag set', 'If you need them without this flag set']
['If you need them without this flag set', 'If you need them without this flag set']
['If you need them without this flag set', 'If you need them without this flag set']
['If you need them without this flag set', 'If you need them without this flag set']
['If you need to parse messages with arrays of Unix file descriptors', 'If you need to parse messages with arrays of Unix file descriptors']
['null', 'null']
['null', 'null']
['null', 'null']
['null', 'null']
['null', 'null']
['if the dbus_message_get_auto_start_APIParam_1 will cause an owner for destination name to be auto-started', 'if the dbus_message_get_auto_start_APIParam_1 will cause an owner for destination name to be auto-started']
['if the dbus_message_get_no_reply_APIParam_1 does not expect a reply', 'if the dbus_message_get_no_reply_APIParam_1 does not expect a reply']
['if the dbus_server_get_is_connected_APIParam_1 is still listening for new connections', 'if the dbus_server_get_is_connected_APIParam_1 is still listening for new connections']
['if the dbus_connection_get_unix_process_id_APIParam_2 is filled in', 'if the dbus_connection_get_unix_process_id_APIParam_2 is filled in']
['if the dbus_connection_get_unix_user_APIParam_2 is filled in', 'if the dbus_connection_get_unix_user_APIParam_2 is filled in']
['if the ID is filled in', 'if the ID is filled in']
['if the dbus_message_get_auto_start_APIParam_1 will cause an owner for destination name to be auto-started', 'if the dbus_message_get_auto_start_APIParam_1 will cause an owner for destination name to be auto-started']
['if the dbus_message_get_no_reply_APIParam_1 does not expect a reply', 'if the dbus_message_get_no_reply_APIParam_1 does not expect a reply']
['if the dbus_server_get_is_connected_APIParam_1 is still listening for new connections', 'if the dbus_server_get_is_connected_APIParam_1 is still listening for new connections']
['if the dbus_connection_get_unix_process_id_APIParam_2 is filled in', 'if the dbus_connection_get_unix_process_id_APIParam_2 is filled in']
['if the dbus_connection_get_unix_user_APIParam_2 is filled in', 'if the dbus_connection_get_unix_user_APIParam_2 is filled in']
['if the ID is filled in', 'if the ID is filled in']
['if the argument is a valid dbus_type_is_valid_APIParam_1', 'if the argument is a valid dbus_type_is_valid_APIParam_1']
['if the dbus_message_get_auto_start_APIParam_1 will cause an owner for destination name to be auto-started', 'if the dbus_message_get_auto_start_APIParam_1 will cause an owner for destination name to be auto-started']
['if the dbus_message_get_no_reply_APIParam_1 does not expect a reply', 'if the dbus_message_get_no_reply_APIParam_1 does not expect a reply']
['if the dbus_server_get_is_connected_APIParam_1 is still listening for new connections', 'if the dbus_server_get_is_connected_APIParam_1 is still listening for new connections']
['if the dbus_connection_get_unix_process_id_APIParam_2 is filled in', 'if the dbus_connection_get_unix_process_id_APIParam_2 is filled in']
['if the dbus_connection_get_unix_user_APIParam_2 is filled in', 'if the dbus_connection_get_unix_user_APIParam_2 is filled in']
['if the ID is filled in', 'if the ID is filled in']
['if the dbus_message_get_auto_start_APIParam_1 will cause an owner for destination name to be auto-started', 'if the dbus_message_get_auto_start_APIParam_1 will cause an owner for destination name to be auto-started']
['if the dbus_message_get_no_reply_APIParam_1 does not expect a reply', 'if the dbus_message_get_no_reply_APIParam_1 does not expect a reply']
['if the dbus_server_get_is_connected_APIParam_1 is still listening for new connections', 'if the dbus_server_get_is_connected_APIParam_1 is still listening for new connections']
['if the dbus_connection_get_unix_process_id_APIParam_2 is filled in', 'if the dbus_connection_get_unix_process_id_APIParam_2 is filled in']
['if the dbus_connection_get_unix_user_APIParam_2 is filled in', 'if the dbus_connection_get_unix_user_APIParam_2 is filled in']
['if the ID is filled in', 'if the ID is filled in']
['if the dbus_message_get_auto_start_APIParam_1 will cause an owner for destination name to be auto-started', 'if the dbus_message_get_auto_start_APIParam_1 will cause an owner for destination name to be auto-started']
['if the dbus_message_get_no_reply_APIParam_1 does not expect a reply', 'if the dbus_message_get_no_reply_APIParam_1 does not expect a reply']
['if the dbus_server_get_is_connected_APIParam_1 is still listening for new connections', 'if the dbus_server_get_is_connected_APIParam_1 is still listening for new connections']
['if the dbus_connection_get_unix_process_id_APIParam_2 is filled in', 'if the dbus_connection_get_unix_process_id_APIParam_2 is filled in']
['if the dbus_connection_get_unix_user_APIParam_2 is filled in', 'if the dbus_connection_get_unix_user_APIParam_2 is filled in']
['if the ID is filled in', 'if the ID is filled in']
['if the dbus_message_get_auto_start_APIParam_1 will cause an owner for destination name to be auto-started', 'if the dbus_message_get_auto_start_APIParam_1 will cause an owner for destination name to be auto-started']
['if the dbus_message_get_no_reply_APIParam_1 does not expect a reply', 'if the dbus_message_get_no_reply_APIParam_1 does not expect a reply']
['if the dbus_server_get_is_connected_APIParam_1 is still listening for new connections', 'if the dbus_server_get_is_connected_APIParam_1 is still listening for new connections']
['if the dbus_connection_get_unix_process_id_APIParam_2 is filled in', 'if the dbus_connection_get_unix_process_id_APIParam_2 is filled in']
['if the dbus_connection_get_unix_user_APIParam_2 is filled in', 'if the dbus_connection_get_unix_user_APIParam_2 is filled in']
['if the ID is filled in', 'if the ID is filled in']
['null', 'null']
['if there is none set', 'if there is none set']
['null', 'null']
['null', 'null']
['if none', 'if none']
['null', 'null']
['if no dbus_message_get_path_decomposed_APIParam_2 field exists', 'if no dbus_message_get_path_decomposed_APIParam_2 field exists']
['if none', 'if none']
['null', 'null']
['null', 'null']
['null', 'null']
['null', 'null']
['null', 'null']
['null', 'null']
['null', 'null']
['if none', 'if none']
['null', 'null']
['null', 'null']
['null', 'null']
['null', 'null']
['null', 'null']
['null', 'null']
['null', 'null']
['null', 'null']
['null', 'null']
['null', 'null']
['If the interface field is missing', 'If the call dbus_message_is_signal_APIName with interface field']
['when you have open containers', 'when you have open containers']
['null', 'null']
['null', 'null']
['null', 'null']
['null', 'null']
['null', 'null']
['null', 'null']
['null', 'null']
['null', 'null']
['null', 'null']
['Even if dbus_message_iter_close_container_APIName fails due to lack of memory', 'Even if dbus_message_iter_close_container_APIName fails due to lack of memory']
['null', 'null']
['null', 'null']
['null', 'null']
['null', 'null']
['null', 'null']
['null', 'null']
['null', 'null']
['null', 'null']
['null', 'null']
['null', 'null']
['when you do not need them anymore', 'when you do not need them anymore']
['null', 'null']
['null', 'null']
['when you try to use an integer as a string or something', 'when you try to use an integer as a string or something']
['null', 'null']
['null', 'null']
['null', 'null']
['if the application was expected to exit before running the main loop', 'if the application was expected to exit before call dbus_connection_read_write_APIName with loop']
['null', 'null']
['null', 'null']
['null', 'null']
['null', 'null']
['null', 'null']
['null', 'null']
['null', 'null']
['null', 'null']
['null', 'null']
['null', 'null']
['null', 'null']
['If dbus_message_iter_open_container_APIName fails', 'If dbus_message_iter_open_container_APIName fails']
['null', 'null']
['if the value exists', 'if the value exists']
['if there is no container to recurse into at the current iterator position', 'if there is no container to call dbus_signature_iter_recurse_APIName with recurse iterator position']
['null', 'null']
['null', 'null']
['null', 'null']
['null', 'null']
['If you do not want to make up an error name', 'If you do not want to make up an error name']
['null', 'null']
['null', 'null']
['null', 'null']
['null', 'null']
['null', 'null']
['null', 'null']
['null', 'null']
['null', 'null']
['null', 'null']
['null', 'null']
['null', 'null']
['null', 'null']
['if interactive authorization is acceptable', 'if interactive authorization is acceptable']
['if auto-starting is desired', 'if auto-starting is desired']
['if no reply is desired', 'if no reply is desired']
['if _exit_APIName should be called after a disconnect signal', 'if _exit_APIName should be called after a disconnect signal']
['null', 'null']
['null', 'null']
['null', 'null']
['null', 'null']
['null', 'null']
['null', 'null']
['null', 'null']
['null', 'null']
['null', 'null']
['null', 'null']
['null', 'null']
['null', 'null']
['null', 'null']
['null', 'null']
['null', 'null']
['null', 'null']
['null', 'null']
['If you are not implementing a dbus_message_set_sender_APIParam_1 bus', 'If you are not implementing a dbus_message_set_sender_APIParam_1 bus']
['null', 'null']
['null', 'null']
['when encapsulating messages in another protocol , or otherwise bypassing DBusConnection', 'when encapsulating messages in another protocol , or call dbus_connection_ref_APIName with DBusConnection']
['if the dbus_set_error_from_message_APIParam_2 is an dbus_set_error_from_message_APIParam_1 dbus_set_error_from_message_APIParam_2', 'if the dbus_set_error_from_message_APIParam_2 is an dbus_set_error_from_message_APIParam_1 dbus_set_error_from_message_APIParam_2']
['null', 'null']
['null', 'null']
['null', 'null']
['null', 'null']
['if you invoke dbus_signature_iter_get_element_type_APIName when the current type of the iterator is not DBUS_TYPE_ARRAY', 'if you invoke dbus_signature_iter_get_element_type_APIName when the current type of the iterator is not DBUS_TYPE_ARRAY']
['null', 'null']
['null', 'null']
['null', 'null']
['null', 'null']
['null', 'null']
['if you do not care about having an dbus_signature_validate_APIParam_2 name and message', 'if you do not care about having an dbus_signature_validate_APIParam_2 name and message']
['if you do not care about having an dbus_validate_bus_name_APIParam_2 dbus_validate_bus_name_APIParam_1 and message', 'if you do not care about having an dbus_validate_bus_name_APIParam_2 dbus_validate_bus_name_APIParam_1 and message']
['if you do not care about having an dbus_validate_error_name_APIParam_2 dbus_validate_error_name_APIParam_1 and message', 'if you do not care about having an dbus_validate_error_name_APIParam_2 dbus_validate_error_name_APIParam_1 and message']
['if you do not care about having an dbus_validate_interface_APIParam_2 dbus_validate_interface_APIParam_1 and message', 'if you do not care about having an dbus_validate_interface_APIParam_2 dbus_validate_interface_APIParam_1 and message']
['if you do not care about having an dbus_validate_member_APIParam_2 dbus_validate_member_APIParam_1 and message', 'if you do not care about having an dbus_validate_member_APIParam_2 dbus_validate_member_APIParam_1 and message']
['if you do not care about having an dbus_validate_path_APIParam_2 name and message', 'if you do not care about having an dbus_validate_path_APIParam_2 name and message']
['if you do not care about having an dbus_validate_utf8_APIParam_2 name and message', 'if you do not care about having an dbus_validate_utf8_APIParam_2 name and message']
['if you do not care about having an dbus_signature_validate_APIParam_2 name and message', 'if you do not care about having an dbus_signature_validate_APIParam_2 name and message']
['if you do not care about having an dbus_validate_bus_name_APIParam_2 dbus_validate_bus_name_APIParam_1 and message', 'if you do not care about having an dbus_validate_bus_name_APIParam_2 dbus_validate_bus_name_APIParam_1 and message']
['if you do not care about having an dbus_validate_error_name_APIParam_2 dbus_validate_error_name_APIParam_1 and message', 'if you do not care about having an dbus_validate_error_name_APIParam_2 dbus_validate_error_name_APIParam_1 and message']
['if you do not care about having an dbus_validate_interface_APIParam_2 dbus_validate_interface_APIParam_1 and message', 'if you do not care about having an dbus_validate_interface_APIParam_2 dbus_validate_interface_APIParam_1 and message']
['if you do not care about having an dbus_validate_member_APIParam_2 dbus_validate_member_APIParam_1 and message', 'if you do not care about having an dbus_validate_member_APIParam_2 dbus_validate_member_APIParam_1 and message']
['if you do not care about having an dbus_validate_path_APIParam_2 name and message', 'if you do not care about having an dbus_validate_path_APIParam_2 name and message']
['if you do not care about having an dbus_validate_utf8_APIParam_2 name and message', 'if you do not care about having an dbus_validate_utf8_APIParam_2 name and message']
['if you do not care about having an dbus_signature_validate_APIParam_2 name and message', 'if you do not care about having an dbus_signature_validate_APIParam_2 name and message']
['if you do not care about having an dbus_validate_bus_name_APIParam_2 dbus_validate_bus_name_APIParam_1 and message', 'if you do not care about having an dbus_validate_bus_name_APIParam_2 dbus_validate_bus_name_APIParam_1 and message']
['if you do not care about having an dbus_validate_error_name_APIParam_2 dbus_validate_error_name_APIParam_1 and message', 'if you do not care about having an dbus_validate_error_name_APIParam_2 dbus_validate_error_name_APIParam_1 and message']
['if you do not care about having an dbus_validate_interface_APIParam_2 dbus_validate_interface_APIParam_1 and message', 'if you do not care about having an dbus_validate_interface_APIParam_2 dbus_validate_interface_APIParam_1 and message']
['if you do not care about having an dbus_validate_member_APIParam_2 dbus_validate_member_APIParam_1 and message', 'if you do not care about having an dbus_validate_member_APIParam_2 dbus_validate_member_APIParam_1 and message']
['if you do not care about having an dbus_validate_path_APIParam_2 name and message', 'if you do not care about having an dbus_validate_path_APIParam_2 name and message']
['if you do not care about having an dbus_validate_utf8_APIParam_2 name and message', 'if you do not care about having an dbus_validate_utf8_APIParam_2 name and message']
['if you do not care about having an dbus_signature_validate_APIParam_2 name and message', 'if you do not care about having an dbus_signature_validate_APIParam_2 name and message']
['if you do not care about having an dbus_validate_bus_name_APIParam_2 dbus_validate_bus_name_APIParam_1 and message', 'if you do not care about having an dbus_validate_bus_name_APIParam_2 dbus_validate_bus_name_APIParam_1 and message']
['if you do not care about having an dbus_validate_error_name_APIParam_2 dbus_validate_error_name_APIParam_1 and message', 'if you do not care about having an dbus_validate_error_name_APIParam_2 dbus_validate_error_name_APIParam_1 and message']
['if you do not care about having an dbus_validate_interface_APIParam_2 dbus_validate_interface_APIParam_1 and message', 'if you do not care about having an dbus_validate_interface_APIParam_2 dbus_validate_interface_APIParam_1 and message']
['if you do not care about having an dbus_validate_member_APIParam_2 dbus_validate_member_APIParam_1 and message', 'if you do not care about having an dbus_validate_member_APIParam_2 dbus_validate_member_APIParam_1 and message']
['if you do not care about having an dbus_validate_path_APIParam_2 name and message', 'if you do not care about having an dbus_validate_path_APIParam_2 name and message']
['if you do not care about having an dbus_validate_utf8_APIParam_2 name and message', 'if you do not care about having an dbus_validate_utf8_APIParam_2 name and message']
['if you do not care about having an dbus_signature_validate_APIParam_2 name and message', 'if you do not care about having an dbus_signature_validate_APIParam_2 name and message']
['if you do not care about having an dbus_validate_bus_name_APIParam_2 dbus_validate_bus_name_APIParam_1 and message', 'if you do not care about having an dbus_validate_bus_name_APIParam_2 dbus_validate_bus_name_APIParam_1 and message']
['if you do not care about having an dbus_validate_error_name_APIParam_2 dbus_validate_error_name_APIParam_1 and message', 'if you do not care about having an dbus_validate_error_name_APIParam_2 dbus_validate_error_name_APIParam_1 and message']
['if you do not care about having an dbus_validate_interface_APIParam_2 dbus_validate_interface_APIParam_1 and message', 'if you do not care about having an dbus_validate_interface_APIParam_2 dbus_validate_interface_APIParam_1 and message']
['if you do not care about having an dbus_validate_member_APIParam_2 dbus_validate_member_APIParam_1 and message', 'if you do not care about having an dbus_validate_member_APIParam_2 dbus_validate_member_APIParam_1 and message']
['if you do not care about having an dbus_validate_path_APIParam_2 name and message', 'if you do not care about having an dbus_validate_path_APIParam_2 name and message']
['if you do not care about having an dbus_validate_utf8_APIParam_2 name and message', 'if you do not care about having an dbus_validate_utf8_APIParam_2 name and message']
['if you do not care about having an dbus_signature_validate_APIParam_2 name and message', 'if you do not care about having an dbus_signature_validate_APIParam_2 name and message']
['if you do not care about having an dbus_validate_bus_name_APIParam_2 dbus_validate_bus_name_APIParam_1 and message', 'if you do not care about having an dbus_validate_bus_name_APIParam_2 dbus_validate_bus_name_APIParam_1 and message']
['if you do not care about having an dbus_validate_error_name_APIParam_2 dbus_validate_error_name_APIParam_1 and message', 'if you do not care about having an dbus_validate_error_name_APIParam_2 dbus_validate_error_name_APIParam_1 and message']
['if you do not care about having an dbus_validate_interface_APIParam_2 dbus_validate_interface_APIParam_1 and message', 'if you do not care about having an dbus_validate_interface_APIParam_2 dbus_validate_interface_APIParam_1 and message']
['if you do not care about having an dbus_validate_member_APIParam_2 dbus_validate_member_APIParam_1 and message', 'if you do not care about having an dbus_validate_member_APIParam_2 dbus_validate_member_APIParam_1 and message']
['if you do not care about having an dbus_validate_path_APIParam_2 name and message', 'if you do not care about having an dbus_validate_path_APIParam_2 name and message']
['if you do not care about having an dbus_validate_utf8_APIParam_2 name and message', 'if you do not care about having an dbus_validate_utf8_APIParam_2 name and message']
['if you do not care about having an dbus_signature_validate_APIParam_2 name and message', 'if you do not care about having an dbus_signature_validate_APIParam_2 name and message']
['if you do not care about having an dbus_validate_bus_name_APIParam_2 dbus_validate_bus_name_APIParam_1 and message', 'if you do not care about having an dbus_validate_bus_name_APIParam_2 dbus_validate_bus_name_APIParam_1 and message']
['if you do not care about having an dbus_validate_error_name_APIParam_2 dbus_validate_error_name_APIParam_1 and message', 'if you do not care about having an dbus_validate_error_name_APIParam_2 dbus_validate_error_name_APIParam_1 and message']
['if you do not care about having an dbus_validate_interface_APIParam_2 dbus_validate_interface_APIParam_1 and message', 'if you do not care about having an dbus_validate_interface_APIParam_2 dbus_validate_interface_APIParam_1 and message']
['if you do not care about having an dbus_validate_member_APIParam_2 dbus_validate_member_APIParam_1 and message', 'if you do not care about having an dbus_validate_member_APIParam_2 dbus_validate_member_APIParam_1 and message']
['if you do not care about having an dbus_validate_path_APIParam_2 name and message', 'if you do not care about having an dbus_validate_path_APIParam_2 name and message']
['if you do not care about having an dbus_validate_utf8_APIParam_2 name and message', 'if you do not care about having an dbus_validate_utf8_APIParam_2 name and message']
['when calling this', 'when calling this']
['If you dbus_connection_unref_APIName for the last time without closing the dbus_connection_close_APIParam_1', 'If you dbus_connection_unref_APIName for the last time without closing the dbus_connection_close_APIParam_1']
['null', 'null']
['null', 'null']
['null', 'null']
['null', 'null']
['null', 'null']
['null', 'null']
['null', 'null']
['null', 'null']
['null', 'null']
['null', 'null']
['null', 'null']
['null', 'null']
['null', 'null']
['null', 'null']
['null', 'null']
['null', 'null']
['null', 'null']
['null', 'null']
['null', 'null']
['null', 'null']
['If called more than once', 'If called more than once']
['null', 'null']
['null', 'null']
['null', 'null']
['null', 'null']
['null', 'null']
['null', 'null']
['null', 'null']
['null', 'null']
['null', 'null']
['null', 'null']
['null', 'null']
['null', 'null']
['null', 'null']
['if listening fails for any reason', 'if listening fails for any reason']
['null', 'null']
['null', 'null']
['null', 'null']
['null', 'null']
['null', 'null']
['null', 'null']
['null', 'null']
['null', 'null']
['null', 'null']
['null', 'null']
['null', 'null']
['null', 'null']
['null', 'null']
['null', 'null']
['null', 'null']
['null', 'null']
['null', 'null']
['null', 'null']
['null', 'null']
['null', 'null']
['null', 'null']
['null', 'null']
['null', 'null']
['null', 'null']
['null', 'null']
['null', 'null']
['null', 'null']
['null', 'null']
['null', 'null']
['null', 'null']
['null', 'null']
['null', 'null']
['if the dbus_connection_close_APIParam_1 is not already disconnected', 'if the dbus_connection_close_APIParam_1 is not already disconnected']
['If threads have been initialized with a recursive mutex function', 'If call dbus_threads_init_default_APIName with threads with a recursive mutex function']
['null', 'null']
['null', 'null']
['null', 'null']
['null', 'null']
['if the dbus_connection_free_preallocated_send_APIParam_2 resources are not used to send a message', 'if the dbus_connection_free_preallocated_send_APIParam_2 resources are not used to send a message']
['null', 'null']
['null', 'null']
['When these bytes are parsed', 'When these bytes are parsed']
['while invoking dbus_connection_get_data_APIName', 'while invoking dbus_connection_get_data_APIName']
['while invoking dbus_connection_set_data_APIName', 'while invoking dbus_connection_set_data_APIName']
['null', 'null']
['If the dbus_connection_get_is_anonymous_APIParam_1 is not anonymous', 'If the dbus_connection_get_is_anonymous_APIParam_1 is not anonymous']
['null', 'null']
['If nothing was registered at this dbus_connection_get_object_path_data_APIParam_2', 'If nothing was registered at this dbus_connection_get_object_path_data_APIParam_2']
['null', 'null']
['null', 'null']
['null', 'null']
['If a client-side dbus_connection_get_server_id_APIParam_1 is not authenticated yet', 'If a client-side dbus_connection_get_server_id_APIParam_1 is not authenticated yet']
['null', 'null']
['null', 'null']
['null', 'null']
['null', 'null']
['null', 'null']
['null', 'null']
['null', 'null']
['null', 'null']
['null', 'null']
['If the dbus_connection_get_unix_fd_APIParam_1 is socket-based', 'If the dbus_connection_get_unix_fd_APIParam_1 is socket-based']
['null', 'null']
['null', 'null']
['null', 'null']
['null', 'null']
['null', 'null']
['null', 'null']
['null', 'null']
['null', 'null']
['null', 'null']
['null', 'null']
['null', 'null']
['null', 'null']
['null', 'null']
['null', 'null']
['null', 'null']
['null', 'null']
['null', 'null']
['null', 'null']
['null', 'null']
['null', 'null']
['if you are not interested in the reason for failure', 'if you are not interested in the reason for failure']
['if you are not interested in the reason for failure', 'if you are not interested in the reason for failure']
['null', 'null']
['null', 'null']
['null', 'null']
['null', 'null']
['when you are done with the connection', 'when you are done with the connection']
['null', 'null']
['When you are done with this connection', 'When you are done with this connection']
['null', 'null']
['null', 'null']
['null', 'null']
['null', 'null']
['null', 'null']
['while it is blocked on I/O', 'while it is blocked on I/O']
['null', 'null']
['null', 'null']
['null', 'null']
['null', 'null']
['If the given handler was added more than once', 'If the call dbus_connection_unregister_object_path_APIName with handler was added more than once']
['null', 'null']
['if dbus_connection_return_message_APIParam_2 from dbus_connection_borrow_message_APIName was non - NULL', 'if dbus_connection_return_message_APIParam_2 from dbus_connection_borrow_message_APIName was non - NULL']
['null', 'null']
['null', 'null']
['null', 'null']
['null', 'null']
['null', 'null']
['null', 'null']
['if no reply arrives', 'if no reply arrives']
['null', 'null']
['null', 'null']
['null', 'null']
['Warning if the dbus_connection_send_with_reply_APIParam_1 is disconnected or you try to send Unix file descriptors on a dbus_connection_send_with_reply_APIParam_1 that does not support them', 'Warning if the dbus_connection_send_with_reply_APIParam_1 is disconnected or you try to call dbus_connection_get_unix_fd_APIName with Unix file descriptors on a dbus_connection_send_with_reply_APIParam_1 that does not support them']
['when the dbus_connection_set_allow_anonymous_APIParam_1 is first seen in the DBusNewConnectionFunction', 'when the dbus_connection_set_allow_anonymous_APIParam_1 is first seen in the DBusNewConnectionFunction']
['null', 'null']
['null', 'null']
['null', 'null']
['If the dispatch status is DBUS_DISPATCH_DATA_REMAINS', 'If the dispatch status is DBUS_DISPATCH_DATA_REMAINS']
['null', 'null']
['when the main loop is re-entered', 'when the main loop is re-entered']
['null', 'null']
['when the dbus_connection_set_exit_on_disconnect_APIParam_1 receives a disconnect signal', 'when the dbus_connection_set_exit_on_disconnect_APIParam_1 receives a disconnect signal']
['when the dbus_timeout_handle_APIParam_1 occurs', 'when the dbus_timeout_handle_APIParam_1 occurs']
['null', 'null']
['null', 'null']
['If you do not set a dispatch status dbus_connection_set_dispatch_status_function_APIParam_2', 'If you do not set a dispatch status dbus_connection_set_dispatch_status_function_APIParam_2']
['null', 'null']
['null', 'null']
['null', 'null']
['If a normal application sets this flag', 'If a normal application sets this flag']
['null', 'null']
['null', 'null']
['null', 'null']
['null', 'null']
['null', 'null']
['null', 'null']
['null', 'null']
['null', 'null']
['null', 'null']
['When using Qt', 'When using Qt']
['null', 'null']
['null', 'null']
['null', 'null']
['null', 'null']
['null', 'null']
['null', 'null']
['null', 'null']
['null', 'null']
['null', 'null']
['during the DBusAddWatchFunction', 'during the DBusAddWatchFunction']
['null', 'null']
['null', 'null']
['null', 'null']
['null', 'null']
['null', 'null']
['null', 'null']
['null', 'null']
['null', 'null']
['null', 'null']
['null', 'null']
['if not', 'if not']
['null', 'null']
['null', 'null']
['null', 'null']
['null', 'null']
['If you pass non', 'If you pass non']
['null', 'null']
['null', 'null']
['null', 'null']
['null', 'null']
['null', 'null']
['if there an dbus_bus_add_match_APIParam_3 adding the match', 'if there an dbus_bus_add_match_APIParam_3 call dbus_bus_add_match_APIName with match']
['null', 'null']
['null', 'null']
['null', 'null']
['null', 'null']
['null', 'null']
['null', 'null']
['null', 'null']
['null', 'null']
['null', 'null']
['null', 'null']
['null', 'null']
['null', 'null']
['null', 'null']
['null', 'null']
['null', 'null']
['if the connection closes', 'if the connection closes']
['null', 'null']
['null', 'null']
['null', 'null']
['null', 'null']
['if you register by hand', 'if you register by hand']
['null', 'null']
['null', 'null']
['null', 'null']
['null', 'null']
['if you have your own custom message bus not found in DBusBusType', 'if you have your own custom message bus not found in DBusBusType']
['If you use dbus_bus_get_APIName or dbus_bus_get_private_APIName dbus_bus_register_APIName', 'If you use dbus_bus_get_APIName or dbus_bus_get_private_APIName dbus_bus_register_APIName']
['null', 'null']
['if you want to avoid replacing a current owner', 'if you want to avoid replacing a current owner']
['null', 'null']
['null', 'null']
['null', 'null']
['null', 'null']
['null', 'null']
['null', 'null']
['When requesting a dbus_bus_request_name_APIParam_2', 'When requesting a dbus_bus_request_name_APIParam_2']
['null', 'null']
['null', 'null']
['null', 'null']
['if you are not the primary owner', 'if you are not the primary owner']
['null', 'null']
['When you lose ownership of your bus dbus_bus_request_name_APIParam_2', 'When you call dbus_bus_start_service_by_name_APIName with ownership of your bus dbus_bus_request_name_APIParam_2']
['null', 'null']
['null', 'null']
['null', 'null']
['null', 'null']
['null', 'null']
['null', 'null']
['When a service represents an application', 'When a call dbus_bus_start_service_by_name_APIName with service an application']
['null', 'null']
['null', 'null']
['null', 'null']
['if you registered with the bus manually -LRB- i.e', 'if you call dbus_bus_get_APIName with bus manually -LRB- i.e']
['If two threads are both sending the registration message', 'If two threads are both sending the registration message']
['If you do not know about all threads in the app', 'If you do not know about all threads in the app']
['if successful', 'if successful']
['null', 'null']
['null', 'null']
['If not enabled', 'If not enabled']
['If not enabled', 'If not enabled']
['If not enabled', 'If not enabled']
['If not enabled', 'If not enabled']
['null', 'null']
['null', 'null']
['null', 'null']
['null', 'null']
['null', 'null']
['null', 'null']
['null', 'null']
['null', 'null']
['null', 'null']
['When connecting to an dbus_parse_address_APIParam_1', 'When connecting to an dbus_parse_address_APIParam_1']
["if you asked for the dbus_address_entry_get_value_APIParam_2 `` host '' you would get the value `` example.com '' dbus_address_entry_get_value_APIParam_0 value is already unescaped", 'if you asked for the dbus_address_entry_get_value_APIParam_2  host  you would call dbus_address_entry_get_value_APIName with value  example.com  dbus_address_entry_get_value_APIParam_0 value is already unescaped']
['null', 'null']
['null', 'null']
['null', 'null']
['null', 'null']
['null', 'null']
['null', 'null']
['null', 'null']
['during the DBusAddWatchFunction', 'during the DBusAddWatchFunction']
['null', 'null']
