['null', 'null']
['null', 'null']
['null', 'null']
['null', 'null']
['null', 'null']
['null', 'null']
['null', 'null']
['null', 'null']
['null', 'null']
['null', 'null']
['If the application waits for data to be available on the underlying transport before flushing the write buffer', 'If the application waits for data to be available on the underlying transport before flushing the call DES_enc_write_APIName']
['If the application waits for data to be available on the underlying transport before flushing the write buffer', 'If the application waits for data to be available on the underlying transport before flushing the call DES_enc_write_APIName']
['null', 'null']
['null', 'null']
['null', 'null']
['null', 'null']
['null', 'null']
['null', 'null']
['if your application attempts a normal handshake', 'if your application attempts a normal handshake']
['null', 'null']
['null', 'null']
['null', 'null']
['null', 'null']
['null', 'null']
['null', 'null']
['null', 'null']
['null', 'null']
['if the corresponding CMS_ContentInfo structure can be successfully verified using CMS_verify_APIName', 'if the corresponding CMS_ContentInfo structure can be successfully verified using CMS_verify_APIName']
['If any certificates are added using these functions', 'If any certificates are added using these functions']
['null', 'null']
['null', 'null']
['null', 'null']
['null', 'null']
['null', 'null']
['null', 'null']
['null', 'null']
['null', 'null']
['null', 'null']
['null', 'null']
['null', 'null']
['null', 'null']
['null', 'null']
['null', 'null']
['null', 'null']
['null', 'null']
['null', 'null']
['null', 'null']
['null', 'null']
['null', 'null']
['null', 'null']
['null', 'null']
['null', 'null']
['null', 'null']
['when making copies of an ENGINE pointer if the copies will be used independently', 'when making copies of an ENGINE pointer if the copies will be used independently']
['null', 'null']
['null', 'null']
['null', 'null']
['null', 'null']
['null', 'null']
['null', 'null']
['null', 'null']
['null', 'null']
['null', 'null']
['null', 'null']
['null', 'null']
['null', 'null']
['null', 'null']
['null', 'null']
['if the SSL_VERIFY_PEER and SSL_VERIFY_NONE are not used as required', 'if the SSL_VERIFY_PEER and SSL_VERIFY_NONE are not used as required']
['If set', 'If set']
['null', 'null']
['When the source of the prime is not random or not trusted', 'When the source of the prime is not random or not trusted']
['null', 'null']
['null', 'null']
['null', 'null']
['null', 'null']
['If the cipher is a fixed length cipher', 'If the cipher is a fixed length cipher']
['null', 'null']
['null', 'null']
['null', 'null']
['null', 'null']
['null', 'null']
['null', 'null']
['null', 'null']
['null', 'null']
['null', 'null']
['null', 'null']
['null', 'null']
['null', 'null']
['null', 'null']
['null', 'null']
['null', 'null']
['null', 'null']
['null', 'null']
['null', 'null']
['null', 'null']
['null', 'null']
['null', 'null']
['null', 'null']
['null', 'null']
['null', 'null']
['null', 'null']
['during configuration for clarity of configuration', 'during configuration for clarity of configuration']
['null', 'null']
['null', 'null']
['null', 'null']
['null', 'null']
['null', 'null']
['null', 'null']
['null', 'null']
['null', 'null']
['null', 'null']
['null', 'null']
['null', 'null']
['null', 'null']
['null', 'null']
['null', 'null']
['null', 'null']
['null', 'null']
['null', 'null']
['null', 'null']
['null', 'null']
['null', 'null']
['null', 'null']
['null', 'null']
['null', 'null']
['null', 'null']
['null', 'null']
['null', 'null']
['null', 'null']
['if it is not detached', 'if it is not detached']
['null', 'null']
['when using this', 'when using this']
['null', 'null']
['null', 'null']
['If BIO_BIND_NORMAL is set', 'If BIO_BIND_NORMAL is set']
['null', 'null']
['null', 'null']
['if an attempt is made to add the same SSL_CTX_add_client_custom_ext_APIParam_2 SSL_CTX_add_server_custom_ext_APIParam_2 more than once , if an attempt is made to use an extension type handled internally by OpenSSL or if an internal error occurs', 'if an attempt is made to add the same SSL_CTX_add_client_custom_ext_APIParam_2 SSL_CTX_add_server_custom_ext_APIParam_2 more than once , if an attempt is made to use an extension type handled internally by OpenSSL or if an internal error occurs']
['if the CSPRNG has not been seeded with enough randomness to ensure an unpredictable byte sequence', 'if the CSPRNG has not been seeded with enough randomness to ensure an unpredictable byte sequence']
['null', 'null']
['null', 'null']
['null', 'null']
['null', 'null']
['null', 'null']
['null', 'null']
['null', 'null']
['null', 'null']
['null', 'null']
['null', 'null']
['null', 'null']
['null', 'null']
['null', 'null']
['null', 'null']
['null', 'null']
['null', 'null']
['null', 'null']
['null', 'null']
['null', 'null']
['null', 'null']
['null', 'null']
['null', 'null']
['null', 'null']
['null', 'null']
['null', 'null']
['null', 'null']
['null', 'null']
['null', 'null']
['null', 'null']
['null', 'null']
['null', 'null']
['null', 'null']
['null', 'null']
['if no data is in the BIO', 'if no data is in the BIO']
['if no data is in the peer BIO and the peer BIO has been shutdown', 'if no data is in the peer BIO and the peer BIO has been shutdown']
['if no data is in the peer BIO and the peer BIO has been shutdown', 'if no data is in the peer BIO and the peer BIO has been shutdown']
['if the call that produced this condition should be retried at a later time', 'if the call that produced this condition should be retried at a later time']
['if the cause of the condition is that a BIO needs to read data', 'if the cause of the condition is that a BIO needs to read data']
["if some `` special '' condition , that is a reason other than reading or writing is the cause of the condition", 'if some  special  condition , that is a reason other than reading or writing is the cause of the condition']
['if the cause of the condition is that a BIO needs to read data', 'if the cause of the condition is that a BIO needs to read data']
['null', 'null']
['null', 'null']
['null', 'null']
['null', 'null']
['null', 'null']
['null', 'null']
['null', 'null']
['null', 'null']
['null', 'null']
['null', 'null']
['null', 'null']
['null', 'null']
['null', 'null']
['null', 'null']
['null', 'null']
['null', 'null']
['null', 'null']
['null', 'null']
['null', 'null']
['null', 'null']
['null', 'null']
['null', 'null']
['null', 'null']
['null', 'null']
['null', 'null']
['null', 'null']
['null', 'null']
['null', 'null']
['null', 'null']
['null', 'null']
['null', 'null']
['null', 'null']
['null', 'null']
['null', 'null']
['null', 'null']
['null', 'null']
['null', 'null']
['null', 'null']
['null', 'null']
['null', 'null']
['null', 'null']
['null', 'null']
['null', 'null']
['null', 'null']
['null', 'null']
['null', 'null']
['null', 'null']
['null', 'null']
['null', 'null']
['null', 'null']
['null', 'null']
['null', 'null']
['null', 'null']
['null', 'null']
['null', 'null']
['null', 'null']
['null', 'null']
['null', 'null']
['null', 'null']
['null', 'null']
['null', 'null']
['null', 'null']
['null', 'null']
['null', 'null']
['null', 'null']
['null', 'null']
['null', 'null']
['null', 'null']
['null', 'null']
['null', 'null']
['null', 'null']
['null', 'null']
['null', 'null']
['null', 'null']
['null', 'null']
['null', 'null']
['null', 'null']
['null', 'null']
['null', 'null']
['null', 'null']
['null', 'null']
['null', 'null']
['null', 'null']
['null', 'null']
['null', 'null']
['null', 'null']
['null', 'null']
['null', 'null']
['null', 'null']
['null', 'null']
['null', 'null']
['null', 'null']
['null', 'null']
['null', 'null']
['null', 'null']
['null', 'null']
['null', 'null']
['null', 'null']
['null', 'null']
['null', 'null']
['null', 'null']
['null', 'null']
['null', 'null']
['null', 'null']
['null', 'null']
['null', 'null']
['null', 'null']
['null', 'null']
['null', 'null']
['null', 'null']
['null', 'null']
['null', 'null']
['null', 'null']
['null', 'null']
['null', 'null']
['null', 'null']
['null', 'null']
['null', 'null']
['null', 'null']
['null', 'null']
['null', 'null']
['null', 'null']
['null', 'null']
['null', 'null']
['null', 'null']
['null', 'null']
['null', 'null']
['null', 'null']
['null', 'null']
['null', 'null']
['null', 'null']
['null', 'null']
['null', 'null']
['null', 'null']
['null', 'null']
['null', 'null']
['null', 'null']
['null', 'null']
['null', 'null']
['null', 'null']
['null', 'null']
['null', 'null']
['null', 'null']
['null', 'null']
['null', 'null']
['null', 'null']
['null', 'null']
['null', 'null']
['null', 'null']
['null', 'null']
['null', 'null']
['null', 'null']
['null', 'null']
['null', 'null']
['null', 'null']
['null', 'null']
['null', 'null']
['null', 'null']
['null', 'null']
['null', 'null']
['null', 'null']
['null', 'null']
['null', 'null']
['null', 'null']
['null', 'null']
['null', 'null']
['null', 'null']
['null', 'null']
['null', 'null']
['null', 'null']
['null', 'null']
['null', 'null']
['null', 'null']
['null', 'null']
['null', 'null']
['null', 'null']
['null', 'null']
['null', 'null']
['null', 'null']
['null', 'null']
['null', 'null']
['null', 'null']
['null', 'null']
['null', 'null']
['null', 'null']
['null', 'null']
['null', 'null']
['null', 'null']
['null', 'null']
['null', 'null']
['null', 'null']
['null', 'null']
['null', 'null']
['null', 'null']
['null', 'null']
['null', 'null']
['null', 'null']
['null', 'null']
['null', 'null']
['null', 'null']
['null', 'null']
['null', 'null']
['null', 'null']
['null', 'null']
['null', 'null']
['null', 'null']
['null', 'null']
['null', 'null']
['null', 'null']
['null', 'null']
['null', 'null']
['null', 'null']
['null', 'null']
['null', 'null']
['null', 'null']
['null', 'null']
['null', 'null']
['null', 'null']
['null', 'null']
['null', 'null']
['null', 'null']
['null', 'null']
['null', 'null']
['null', 'null']
['null', 'null']
['null', 'null']
['null', 'null']
['null', 'null']
['null', 'null']
['null', 'null']
['null', 'null']
['null', 'null']
['null', 'null']
['null', 'null']
['null', 'null']
['null', 'null']
['null', 'null']
['null', 'null']
['null', 'null']
['null', 'null']
['null', 'null']
['null', 'null']
['null', 'null']
['null', 'null']
['null', 'null']
['null', 'null']
['null', 'null']
['null', 'null']
['null', 'null']
['null', 'null']
['null', 'null']
['null', 'null']
['null', 'null']
['null', 'null']
['null', 'null']
['null', 'null']
['null', 'null']
['null', 'null']
['null', 'null']
['null', 'null']
['null', 'null']
['null', 'null']
['null', 'null']
['null', 'null']
['null', 'null']
['null', 'null']
['null', 'null']
['null', 'null']
['null', 'null']
['null', 'null']
['null', 'null']
['null', 'null']
['null', 'null']
['null', 'null']
['null', 'null']
['null', 'null']
['null', 'null']
['null', 'null']
['null', 'null']
['null', 'null']
['null', 'null']
['null', 'null']
['null', 'null']
['null', 'null']
['null', 'null']
['null', 'null']
['null', 'null']
['null', 'null']
['null', 'null']
['null', 'null']
['null', 'null']
['null', 'null']
['null', 'null']
['null', 'null']
['null', 'null']
['null', 'null']
['null', 'null']
['null', 'null']
['null', 'null']
['null', 'null']
['null', 'null']
['null', 'null']
['null', 'null']
['null', 'null']
['null', 'null']
['null', 'null']
['null', 'null']
['null', 'null']
['null', 'null']
['null', 'null']
['null', 'null']
['null', 'null']
['null', 'null']
['null', 'null']
['null', 'null']
['null', 'null']
['null', 'null']
['null', 'null']
['null', 'null']
['null', 'null']
['null', 'null']
['null', 'null']
['null', 'null']
['null', 'null']
['null', 'null']
['null', 'null']
['null', 'null']
['null', 'null']
['null', 'null']
['null', 'null']
['null', 'null']
['null', 'null']
['null', 'null']
['null', 'null']
['null', 'null']
['null', 'null']
['null', 'null']
['null', 'null']
['null', 'null']
['null', 'null']
['null', 'null']
['null', 'null']
['null', 'null']
['null', 'null']
['null', 'null']
['null', 'null']
['null', 'null']
['null', 'null']
['null', 'null']
['null', 'null']
['null', 'null']
['null', 'null']
['null', 'null']
['null', 'null']
['null', 'null']
['null', 'null']
['null', 'null']
['null', 'null']
['null', 'null']
['null', 'null']
['null', 'null']
['null', 'null']
['null', 'null']
['null', 'null']
['null', 'null']
['null', 'null']
['null', 'null']
['null', 'null']
['null', 'null']
['null', 'null']
['null', 'null']
['null', 'null']
['null', 'null']
['null', 'null']
['null', 'null']
['null', 'null']
['null', 'null']
['null', 'null']
['null', 'null']
['null', 'null']
['null', 'null']
['null', 'null']
['null', 'null']
['null', 'null']
['null', 'null']
['null', 'null']
['null', 'null']
['null', 'null']
['null', 'null']
['null', 'null']
['null', 'null']
['null', 'null']
['null', 'null']
['null', 'null']
['null', 'null']
['null', 'null']
['null', 'null']
['null', 'null']
['null', 'null']
['null', 'null']
['null', 'null']
['null', 'null']
['null', 'null']
['null', 'null']
['null', 'null']
['null', 'null']
['null', 'null']
['null', 'null']
['null', 'null']
['null', 'null']
['null', 'null']
['null', 'null']
['null', 'null']
['null', 'null']
['null', 'null']
['null', 'null']
['null', 'null']
['null', 'null']
['null', 'null']
['null', 'null']
['null', 'null']
['null', 'null']
['null', 'null']
['null', 'null']
['null', 'null']
['null', 'null']
['null', 'null']
['null', 'null']
['null', 'null']
['null', 'null']
['null', 'null']
['null', 'null']
['null', 'null']
['null', 'null']
['null', 'null']
['null', 'null']
['null', 'null']
['null', 'null']
['null', 'null']
['null', 'null']
['null', 'null']
['null', 'null']
['null', 'null']
['null', 'null']
['null', 'null']
['null', 'null']
['null', 'null']
['null', 'null']
['null', 'null']
['null', 'null']
['null', 'null']
['null', 'null']
['null', 'null']
['null', 'null']
['null', 'null']
['null', 'null']
['null', 'null']
['null', 'null']
['null', 'null']
['null', 'null']
['null', 'null']
['null', 'null']
['null', 'null']
['null', 'null']
['null', 'null']
['null', 'null']
['null', 'null']
['null', 'null']
['null', 'null']
['when the connection is established', 'when the connection is established']
['null', 'null']
['null', 'null']
['null', 'null']
['null', 'null']
['null', 'null']
['null', 'null']
['null', 'null']
['null', 'null']
['null', 'null']
['If this error occurs', 'If this error occurs']
['null', 'null']
['null', 'null']
['null', 'null']
['null', 'null']
['null', 'null']
['null', 'null']
['null', 'null']
['null', 'null']
['null', 'null']
['null', 'null']
['null', 'null']
['null', 'null']
['null', 'null']
['null', 'null']
['null', 'null']
['null', 'null']
['null', 'null']
['null', 'null']
['null', 'null']
['null', 'null']
['null', 'null']
['null', 'null']
['null', 'null']
['null', 'null']
['null', 'null']
['null', 'null']
['null', 'null']
['null', 'null']
['null', 'null']
['null', 'null']
['null', 'null']
['null', 'null']
['null', 'null']
['null', 'null']
['null', 'null']
['null', 'null']
['null', 'null']
['null', 'null']
['null', 'null']
['null', 'null']
['null', 'null']
['null', 'null']
['null', 'null']
['null', 'null']
['null', 'null']
['null', 'null']
['null', 'null']
['if the ultimate source/sink BIO is non blocking', 'if the ultimate source/sink BIO is non blocking']
['null', 'null']
['null', 'null']
['whenever any pending data should be written such as when removing a buffering BIO using BIO_pop_APIName', 'whenever any pending call BIO_flush_APIName such as when removing a buffering BIO using BIO_pop_APIName']
['null', 'null']
['null', 'null']
['null', 'null']
['null', 'null']
['null', 'null']
['null', 'null']
['null', 'null']
['null', 'null']
['null', 'null']
['null', 'null']
['If several keys have to be handled', 'If several keys have to be handled']
['null', 'null']
['null', 'null']
['null', 'null']
['null', 'null']
['null', 'null']
['null', 'null']
['null', 'null']
['null', 'null']
['null', 'null']
['null', 'null']
['null', 'null']
['If an application wishes to make use of several of these functions for configuration purposes either on a command line or in a file', 'If an application wishes to make use of several of these functions for configuration purposes either on a command line or in a file']
['null', 'null']
['null', 'null']
['if the transport is blocking', 'if the transport is blocking']
['null', 'null']
['null', 'null']
['null', 'null']
['null', 'null']
['null', 'null']
['null', 'null']
['null', 'null']
['null', 'null']
['null', 'null']
['null', 'null']
['null', 'null']
['null', 'null']
['null', 'null']
['null', 'null']
['null', 'null']
['null', 'null']
['null', 'null']
['If an application wishes to write additional data to BIO_new_CMS_APIParam_1', 'If an application wishes to call BIO_flush_APIName to BIO_new_CMS_APIParam_1']
['null', 'null']
['null', 'null']
['null', 'null']
['null', 'null']
['null', 'null']
['null', 'null']
['null', 'null']
['null', 'null']
['null', 'null']
['null', 'null']
['null', 'null']
['null', 'null']
['null', 'null']
['null', 'null']
['null', 'null']
['null', 'null']
['null', 'null']
['null', 'null']
['null', 'null']
['null', 'null']
['null', 'null']
['null', 'null']
['null', 'null']
['If BN_CTX_start_APIName has been used on the BN_CTX_new_APIParam_0', 'If BN_CTX_start_APIName has been used on the BN_CTX_new_APIParam_0']
['null', 'null']
['null', 'null']
['null', 'null']
['null', 'null']
['null', 'null']
['null', 'null']
['null', 'null']
['null', 'null']
['null', 'null']
['null', 'null']
['null', 'null']
['null', 'null']
['null', 'null']
['null', 'null']
['null', 'null']
['null', 'null']
['null', 'null']
['null', 'null']
['null', 'null']
['null', 'null']
['null', 'null']
['null', 'null']
['null', 'null']
['null', 'null']
['null', 'null']
['null', 'null']
['null', 'null']
['null', 'null']
['null', 'null']
['null', 'null']
['null', 'null']
['null', 'null']
['null', 'null']
['null', 'null']
['null', 'null']
['null', 'null']
['null', 'null']
['null', 'null']
['null', 'null']
['null', 'null']
['null', 'null']
['null', 'null']
['null', 'null']
['null', 'null']
['null', 'null']
['null', 'null']
['null', 'null']
['null', 'null']
['null', 'null']
['null', 'null']
['null', 'null']
['null', 'null']
['null', 'null']
['null', 'null']
['null', 'null']
['null', 'null']
['null', 'null']
['null', 'null']
['null', 'null']
['null', 'null']
['null', 'null']
['null', 'null']
['null', 'null']
['null', 'null']
['null', 'null']
['null', 'null']
['null', 'null']
['null', 'null']
['null', 'null']
['null', 'null']
['null', 'null']
['null', 'null']
['null', 'null']
['null', 'null']
['null', 'null']
['null', 'null']
['null', 'null']
['null', 'null']
['null', 'null']
['null', 'null']
['null', 'null']
['null', 'null']
['null', 'null']
['null', 'null']
['null', 'null']
['null', 'null']
['null', 'null']
['null', 'null']
['if A server application wants to be able to provide clients with OCSP Certificate Status responses', 'if A server application wants to be able to provide clients with OCSP Certificate Status responses']
['null', 'null']
['null', 'null']
['null', 'null']
['null', 'null']
['null', 'null']
['null', 'null']
['null', 'null']
['null', 'null']
['null', 'null']
['null', 'null']
['null', 'null']
['null', 'null']
['null', 'null']
['null', 'null']
['null', 'null']
['null', 'null']
['null', 'null']
['null', 'null']
['null', 'null']
["if it 's retryable", 'if it  retryable']
["if it 's retryable", 'if it  retryable']
['null', 'null']
['null', 'null']
['null', 'null']
['null', 'null']
['null', 'null']
['null', 'null']
['null', 'null']
['null', 'null']
['null', 'null']
['null', 'null']
['null', 'null']
['null', 'null']
['null', 'null']
['null', 'null']
['null', 'null']
['null', 'null']
['null', 'null']
['null', 'null']
['null', 'null']
['null', 'null']
['null', 'null']
['null', 'null']
['null', 'null']
['null', 'null']
['if it is not set', 'if it is not set']
['if it is not set', 'if it is not set']
['null', 'null']
['null', 'null']
['null', 'null']
['if it is not set', 'if it is not set']
['when using an external session cache , applies', 'when call SSL_CTX_flush_sessions_APIName , applies']
['null', 'null']
['null', 'null']
['null', 'null']
['null', 'null']
['null', 'null']
['null', 'null']
['null', 'null']
['null', 'null']
['If the table is not initialized', 'If the table is not initialized']
['null', 'null']
['null', 'null']
['null', 'null']
['null', 'null']
['null', 'null']
['null', 'null']
['null', 'null']
['null', 'null']
['null', 'null']
['null', 'null']
['null', 'null']
['null', 'null']
['null', 'null']
['null', 'null']
['null', 'null']
['null', 'null']
['null', 'null']
['null', 'null']
['null', 'null']
['null', 'null']
['null', 'null']
['null', 'null']
['null', 'null']
['null', 'null']
['null', 'null']
['null', 'null']
['null', 'null']
['null', 'null']
['null', 'null']
['null', 'null']
['null', 'null']
['If a server wishes to process multiple connections', 'If a server wishes to process multiple connections']
['null', 'null']
['null', 'null']
['null', 'null']
['null', 'null']
['null', 'null']
['null', 'null']
['null', 'null']
['null', 'null']
['null', 'null']
['null', 'null']
['null', 'null']
['null', 'null']
['null', 'null']
['null', 'null']
['null', 'null']
['null', 'null']
['null', 'null']
['null', 'null']
['null', 'null']
['null', 'null']
['null', 'null']
['null', 'null']
['null', 'null']
['null', 'null']
['null', 'null']
['null', 'null']
['null', 'null']
['null', 'null']
['If streaming is enabled', 'If streaming is enabled']
['null', 'null']
['null', 'null']
['null', 'null']
['null', 'null']
['null', 'null']
['null', 'null']
['null', 'null']
['null', 'null']
['null', 'null']
['null', 'null']
['null', 'null']
['null', 'null']
['null', 'null']
['null', 'null']
['null', 'null']
['null', 'null']
['null', 'null']
['null', 'null']
['null', 'null']
['null', 'null']
['null', 'null']
['null', 'null']
['when the server did send the request', 'when the server did send the request']
['null', 'null']
['null', 'null']
['null', 'null']
['null', 'null']
['null', 'null']
['null', 'null']
['null', 'null']
['null', 'null']
['if possible', 'if possible']
['null', 'null']
['null', 'null']
['null', 'null']
['null', 'null']
['null', 'null']
['null', 'null']
['null', 'null']
['null', 'null']
['null', 'null']
['null', 'null']
['null', 'null']
['null', 'null']
['null', 'null']
['null', 'null']
['null', 'null']
['null', 'null']
['null', 'null']
['null', 'null']
['null', 'null']
['null', 'null']
['During the client key exchange', 'During the client key exchange']
['null', 'null']
['null', 'null']
['null', 'null']
['null', 'null']
['null', 'null']
['null', 'null']
['null', 'null']
['null', 'null']
['null', 'null']
['null', 'null']
['null', 'null']
['null', 'null']
['null', 'null']
['null', 'null']
['null', 'null']
['null', 'null']
['null', 'null']
['null', 'null']
['null', 'null']
['null', 'null']
['null', 'null']
['null', 'null']
['null', 'null']
['null', 'null']
['null', 'null']
['null', 'null']
['null', 'null']
['null', 'null']
['null', 'null']
['null', 'null']
['when a DSA certificate is available', 'when a DSA certificate is available']
['null', 'null']
['null', 'null']
['null', 'null']
['null', 'null']
['null', 'null']
['null', 'null']
['null', 'null']
['null', 'null']
['null', 'null']
['null', 'null']
['null', 'null']
['null', 'null']
['null', 'null']
['null', 'null']
['null', 'null']
['null', 'null']
['null', 'null']
['null', 'null']
['null', 'null']
['null', 'null']
['null', 'null']
['null', 'null']
['null', 'null']
['null', 'null']
['null', 'null']
['null', 'null']
['null', 'null']
['null', 'null']
['null', 'null']
['null', 'null']
['null', 'null']
['null', 'null']
['null', 'null']
['null', 'null']
['null', 'null']
['null', 'null']
['null', 'null']
['null', 'null']
['null', 'null']
['null', 'null']
['null', 'null']
['null', 'null']
['null', 'null']
['null', 'null']
['null', 'null']
['null', 'null']
['null', 'null']
['null', 'null']
['null', 'null']
['null', 'null']
['null', 'null']
['null', 'null']
['null', 'null']
['null', 'null']
['null', 'null']
['null', 'null']
['null', 'null']
['null', 'null']
['null', 'null']
['null', 'null']
['null', 'null']
['null', 'null']
['null', 'null']
['null', 'null']
['null', 'null']
['null', 'null']
['null', 'null']
['null', 'null']
['null', 'null']
['null', 'null']
['null', 'null']
['null', 'null']
['null', 'null']
['null', 'null']
['null', 'null']
['null', 'null']
['null', 'null']
['null', 'null']
['null', 'null']
['null', 'null']
['null', 'null']
['null', 'null']
['null', 'null']
['null', 'null']
['null', 'null']
['null', 'null']
['null', 'null']
['null', 'null']
['null', 'null']
['null', 'null']
['null', 'null']
['null', 'null']
['null', 'null']
['null', 'null']
['null', 'null']
['null', 'null']
['null', 'null']
['null', 'null']
['null', 'null']
['null', 'null']
['null', 'null']
['null', 'null']
['null', 'null']
['null', 'null']
['null', 'null']
['null', 'null']
['null', 'null']
['null', 'null']
['null', 'null']
['null', 'null']
['null', 'null']
['null', 'null']
['null', 'null']
['null', 'null']
['null', 'null']
['null', 'null']
['null', 'null']
['null', 'null']
['null', 'null']
['null', 'null']
['null', 'null']
['null', 'null']
['null', 'null']
['null', 'null']
['null', 'null']
['null', 'null']
['null', 'null']
['null', 'null']
['null', 'null']
['null', 'null']
['null', 'null']
['null', 'null']
['null', 'null']
['null', 'null']
['null', 'null']
['null', 'null']
['null', 'null']
['null', 'null']
['null', 'null']
['null', 'null']
['null', 'null']
['null', 'null']
['null', 'null']
['null', 'null']
['null', 'null']
['null', 'null']
['null', 'null']
['null', 'null']
['null', 'null']
['null', 'null']
['null', 'null']
['null', 'null']
['null', 'null']
['null', 'null']
['null', 'null']
['null', 'null']
['null', 'null']
['null', 'null']
['null', 'null']
['null', 'null']
['null', 'null']
['null', 'null']
['null', 'null']
['null', 'null']
['null', 'null']
['null', 'null']
['null', 'null']
['null', 'null']
['null', 'null']
['null', 'null']
['null', 'null']
['null', 'null']
['null', 'null']
['null', 'null']
['null', 'null']
['null', 'null']
['when a RSA certificate is available', 'when a RSA certificate is available']
['null', 'null']
['null', 'null']
['null', 'null']
['null', 'null']
['null', 'null']
['null', 'null']
['null', 'null']
['If OBJ_txt2obj_APIParam_2 is 1', 'If OBJ_txt2obj_APIParam_2 is 1']
['If OBJ_txt2obj_APIParam_2 is 1', 'If OBJ_txt2obj_APIParam_2 is 1']
['null', 'null']
['If the corresponding session is freed', 'If the corresponding session is freed']
['null', 'null']
['null', 'null']
['null', 'null']
['null', 'null']
['null', 'null']
['null', 'null']
['null', 'null']
['null', 'null']
['null', 'null']
['null', 'null']
['null', 'null']
['null', 'null']
['null', 'null']
['null', 'null']
['null', 'null']
['null', 'null']
['null', 'null']
['null', 'null']
['null', 'null']
['null', 'null']
['null', 'null']
['null', 'null']
['null', 'null']
['null', 'null']
['null', 'null']
['null', 'null']
['null', 'null']
['null', 'null']
['null', 'null']
['null', 'null']
['null', 'null']
['if the same CA certificate is available with different expiration dates', 'if the same CA certificate is available with different expiration dates']
['if the message is not completely stored in memory', 'if the message is not completely stored in memory']
['if the message is not completely stored in memory', 'if the message is not completely stored in memory']
['if the message is not completely stored in memory', 'if the message is not completely stored in memory']
['if the message is not completely stored in memory', 'if the message is not completely stored in memory']
['if the message is not completely stored in memory', 'if the message is not completely stored in memory']
['When BN_CTX_end_APIName is called', 'When BN_CTX_end_APIName is called']
['null', 'null']
['null', 'null']
['null', 'null']
['If another thread is using the same internal session cache', 'If another thread is call SSL_CTX_sess_number_APIName']
['null', 'null']
['null', 'null']
['null', 'null']
['null', 'null']
['null', 'null']
['null', 'null']
['null', 'null']
['null', 'null']
['null', 'null']
['null', 'null']
['null', 'null']
['null', 'null']
['null', 'null']
['null', 'null']
['null', 'null']
['null', 'null']
['null', 'null']
['null', 'null']
['null', 'null']
['null', 'null']
['null', 'null']
['null', 'null']
['null', 'null']
['null', 'null']
['null', 'null']
['null', 'null']
['null', 'null']
['null', 'null']
['null', 'null']
['null', 'null']
['if no additional configuration will be used', 'if no additional configuration will be used']
['null', 'null']
['null', 'null']
['null', 'null']
['null', 'null']
['null', 'null']
['null', 'null']
['null', 'null']
['null', 'null']
['null', 'null']
['null', 'null']
['null', 'null']
['null', 'null']
['null', 'null']
['null', 'null']
['null', 'null']
['null', 'null']
['null', 'null']
['null', 'null']
['null', 'null']
['null', 'null']
['null', 'null']
['null', 'null']
['null', 'null']
['null', 'null']
['null', 'null']
['when talking SSLv2', 'when talking SSLv2']
['null', 'null']
['null', 'null']
['null', 'null']
['null', 'null']
['null', 'null']
['null', 'null']
['null', 'null']
['during the handshake', 'during the handshake']
['if OpenSSL was configured with thread support', 'if OpenSSL was configured with thread support']
['null', 'null']
['null', 'null']
['null', 'null']
['null', 'null']
['null', 'null']
['null', 'null']
['null', 'null']
['null', 'null']
['null', 'null']
['null', 'null']
['null', 'null']
['null', 'null']
['null', 'null']
['null', 'null']
['null', 'null']
['null', 'null']
['null', 'null']
['when the verification takes place', 'when the verification takes place']
['if Applications wish to load a configuration file Applications and have finer control over how errors are treated', 'if Applications wish to call CONF_modules_load_file_APIName and have finer control over how errors are treated']
['null', 'null']
['null', 'null']
['null', 'null']
['null', 'null']
['null', 'null']
['when the application wishes to use a non standard transport for TLS/SSL', 'when the application wishes to use a non standard transport for TLS/SSL']
['when the application wishes to use a non standard transport for TLS/SSL', 'when the application wishes to use a non standard transport for TLS/SSL']
['null', 'null']
['null', 'null']
['null', 'null']
['null', 'null']
['null', 'null']
['If several CA certificates matching the name , key identifier , and serial number condition are available', 'If several CA certificates call X509_VERIFY_PARAM_set1_host_APIName , key identifier , and serial number condition are available']
['null', 'null']
['null', 'null']
['null', 'null']
['null', 'null']
['null', 'null']
['null', 'null']
['null', 'null']
['null', 'null']
['null', 'null']
['null', 'null']
['null', 'null']
['null', 'null']
['null', 'null']
['null', 'null']
['null', 'null']
['null', 'null']
['null', 'null']
['null', 'null']
['null', 'null']
['null', 'null']
['null', 'null']
['null', 'null']
['null', 'null']
['null', 'null']
['null', 'null']
['null', 'null']
['null', 'null']
['null', 'null']
['null', 'null']
['null', 'null']
['null', 'null']
['null', 'null']
['null', 'null']
['null', 'null']
['null', 'null']
['null', 'null']
['null', 'null']
['null', 'null']
['null', 'null']
['null', 'null']
['If BN_is_prime_ex_APIParam_4 BN_GENCB_call_APIParam_1 is not NULL', 'If BN_is_prime_ex_APIParam_4 BN_GENCB_call_APIParam_1 is not NULL']
['null', 'null']
['if necessary', 'if necessary']
['null', 'null']
['null', 'null']
['null', 'null']
['null', 'null']
['null', 'null']
['null', 'null']
['null', 'null']
['null', 'null']
['null', 'null']
['null', 'null']
['null', 'null']
['null', 'null']
['null', 'null']
['null', 'null']
['null', 'null']
['null', 'null']
['null', 'null']
['null', 'null']
['null', 'null']
['null', 'null']
['null', 'null']
['null', 'null']
['null', 'null']
['null', 'null']
['null', 'null']
['null', 'null']
['null', 'null']
['null', 'null']
['null', 'null']
['null', 'null']
['null', 'null']
['null', 'null']
['null', 'null']
['null', 'null']
['null', 'null']
['null', 'null']
['null', 'null']
['null', 'null']
['null', 'null']
['null', 'null']
['null', 'null']
['null', 'null']
['null', 'null']
['null', 'null']
['null', 'null']
['null', 'null']
['null', 'null']
['null', 'null']
['null', 'null']
['null', 'null']
['null', 'null']
['null', 'null']
['null', 'null']
['null', 'null']
['null', 'null']
['null', 'null']
['null', 'null']
['null', 'null']
['null', 'null']
['null', 'null']
['null', 'null']
['null', 'null']
['null', 'null']
['null', 'null']
['null', 'null']
['null', 'null']
['null', 'null']
['null', 'null']
['null', 'null']
['null', 'null']
['null', 'null']
['null', 'null']
['null', 'null']
['null', 'null']
['null', 'null']
['null', 'null']
['null', 'null']
['null', 'null']
['null', 'null']
['null', 'null']
['null', 'null']
['null', 'null']
['null', 'null']
['null', 'null']
['null', 'null']
['null', 'null']
['null', 'null']
['null', 'null']
['null', 'null']
['null', 'null']
['null', 'null']
['null', 'null']
['null', 'null']
['null', 'null']
['null', 'null']
['null', 'null']
['null', 'null']
['null', 'null']
['null', 'null']
['null', 'null']
['null', 'null']
['null', 'null']
['null', 'null']
['null', 'null']
['null', 'null']
['null', 'null']
['null', 'null']
['null', 'null']
['null', 'null']
['null', 'null']
['null', 'null']
['null', 'null']
['null', 'null']
['null', 'null']
['null', 'null']
['null', 'null']
['null', 'null']
['null', 'null']
['null', 'null']
['null', 'null']
['null', 'null']
['null', 'null']
['null', 'null']
['null', 'null']
['null', 'null']
['null', 'null']
['null', 'null']
['null', 'null']
['null', 'null']
['null', 'null']
['null', 'null']
['null', 'null']
['null', 'null']
['null', 'null']
['null', 'null']
['null', 'null']
['null', 'null']
['null', 'null']
['null', 'null']
['null', 'null']
['null', 'null']
['null', 'null']
['null', 'null']
['null', 'null']
['null', 'null']
['null', 'null']
['null', 'null']
['null', 'null']
['null', 'null']
['null', 'null']
['null', 'null']
['null', 'null']
['null', 'null']
['null', 'null']
['null', 'null']
['null', 'null']
