['null', 'null']
['null', 'null']
['null', 'null']
['null', 'null']
['null', 'null']
['null', 'null']
['null', 'null']
['null', 'null']
['null', 'null']
['null', 'null']
['null', 'null']
['null', 'null']
['null', 'null']
['null', 'null']
['null', 'null']
['null', 'null']
['null', 'null']
['null', 'null']
['null', 'null']
['null', 'null']
['null', 'null']
['null', 'null']
['null', 'null']
['null', 'null']
['null', 'null']
['null', 'null']
['null', 'null']
['null', 'null']
['null', 'null']
['when all transitions xmlAutomataNewAllTrans_APIParam_2 the @from node have been activated', 'when all transitions xmlAutomataNewAllTrans_APIParam_2 the @from node have been activated']
['null', 'null']
['If @to is NULL', 'If @to is NULL']
['If @to is NULL', 'If @to is NULL']
['null', 'null']
['null', 'null']
['null', 'null']
['null', 'null']
['null', 'null']
['null', 'null']
['null', 'null']
['null', 'null']
['null', 'null']
['null', 'null']
['null', 'null']
['null', 'null']
['null', 'null']
['null', 'null']
['null', 'null']
['null', 'null']
['null', 'null']
['null', 'null']
['null', 'null']
['null', 'null']
['null', 'null']
['null', 'null']
['null', 'null']
['null', 'null']
['null', 'null']
['null', 'null']
['if your application is multithreaded or has plugin support calling this', 'if your application is multithreaded or has plugin support calling this']
['if your application is multithreaded or has plugin support calling this', 'if your application is multithreaded or has plugin support calling this']
['if your application is multithreaded or has plugin support calling this', 'if your application is multithreaded or has plugin support calling this']
['if your application is multithreaded or has plugin support calling this', 'if your application is multithreaded or has plugin support calling this']
['null', 'null']
['null', 'null']
['null', 'null']
['null', 'null']
['null', 'null']
['null', 'null']
['null', 'null']
['null', 'null']
['null', 'null']
['null', 'null']
['null', 'null']
['null', 'null']
['null', 'null']
['null', 'null']
['null', 'null']
['null', 'null']
['null', 'null']
['null', 'null']
['null', 'null']
['null', 'null']
['null', 'null']
['null', 'null']
['null', 'null']
['null', 'null']
['null', 'null']
['null', 'null']
['null', 'null']
['null', 'null']
['null', 'null']
['null', 'null']
['null', 'null']
['null', 'null']
['null', 'null']
['null', 'null']
['null', 'null']
['null', 'null']
['null', 'null']
['null', 'null']
['null', 'null']
['null', 'null']
['null', 'null']
['null', 'null']
['null', 'null']
['null', 'null']
['null', 'null']
['null', 'null']
['null', 'null']
['null', 'null']
['null', 'null']
['null', 'null']
['null', 'null']
['null', 'null']
['null', 'null']
['null', 'null']
['null', 'null']
['null', 'null']
['null', 'null']
['null', 'null']
['null', 'null']
['null', 'null']
['null', 'null']
['null', 'null']
['null', 'null']
['null', 'null']
['null', 'null']
['null', 'null']
['null', 'null']
['null', 'null']
['null', 'null']
['null', 'null']
['null', 'null']
['null', 'null']
['null', 'null']
['null', 'null']
['null', 'null']
['null', 'null']
['null', 'null']
['null', 'null']
['null', 'null']
['null', 'null']
['null', 'null']
['null', 'null']
['null', 'null']
['null', 'null']
['null', 'null']
['null', 'null']
['null', 'null']
['null', 'null']
['null', 'null']
['null', 'null']
['null', 'null']
['null', 'null']
['null', 'null']
['null', 'null']
['null', 'null']
['null', 'null']
['null', 'null']
['null', 'null']
['null', 'null']
['null', 'null']
['null', 'null']
['null', 'null']
['null', 'null']
['null', 'null']
['null', 'null']
['null', 'null']
['null', 'null']
['null', 'null']
['null', 'null']
['null', 'null']
['null', 'null']
['null', 'null']
['null', 'null']
['null', 'null']
['null', 'null']
['null', 'null']
['null', 'null']
['null', 'null']
['null', 'null']
['null', 'null']
['null', 'null']
['null', 'null']
['null', 'null']
['null', 'null']
['null', 'null']
['null', 'null']
['null', 'null']
['null', 'null']
['null', 'null']
['null', 'null']
['null', 'null']
['null', 'null']
['null', 'null']
['null', 'null']
['null', 'null']
['null', 'null']
['null', 'null']
['null', 'null']
['if none', 'if none']
['if none', 'if none']
['if none', 'if none']
['if none', 'if none']
['if none', 'if none']
['if none', 'if none']
['if none', 'if none']
['if none', 'if none']
['if none', 'if none']
['null', 'null']
['null', 'null']
['null', 'null']
['null', 'null']
['null', 'null']
['null', 'null']
['null', 'null']
['null', 'null']
['null', 'null']
['null', 'null']
['null', 'null']
['null', 'null']
['null', 'null']
['null', 'null']
['null', 'null']
['null', 'null']
['null', 'null']
['null', 'null']
['null', 'null']
['null', 'null']
['null', 'null']
['null', 'null']
['null', 'null']
['null', 'null']
['null', 'null']
['null', 'null']
['null', 'null']
['null', 'null']
['as if', 'as if']
['null', 'null']
['null', 'null']
['null', 'null']
['null', 'null']
['null', 'null']
['null', 'null']
['null', 'null']
['null', 'null']
['null', 'null']
['null', 'null']
['null', 'null']
['null', 'null']
['null', 'null']
['null', 'null']
['null', 'null']
['null', 'null']
['null', 'null']
['null', 'null']
['null', 'null']
['xmlValidateAttributeDecl_APIName if an attribute has a default xmlParseDefaultDecl_APIParam_2 declared with the #FIXED keyword', 'xmlValidateAttributeDecl_APIName if an attribute has a default xmlParseDefaultDecl_APIParam_2 declared with the #FIXED keyword']
['null', 'null']
['null', 'null']
['null', 'null']
['null', 'null']
['null', 'null']
['null', 'null']
['null', 'null']
['null', 'null']
['null', 'null']
['null', 'null']
['null', 'null']
['null', 'null']
['null', 'null']
['null', 'null']
['null', 'null']
['null', 'null']
['null', 'null']
['null', 'null']
['null', 'null']
['null', 'null']
['null', 'null']
['if a parameter-entity reference appears in a choice , seq , or Mixed construct', 'if a parameter-entity reference appears in a choice , seq , or Mixed construct']
['null', 'null']
['null', 'null']
['null', 'null']
['null', 'null']
['null', 'null']
['null', 'null']
['null', 'null']
['null', 'null']
['null', 'null']
['if the default declaration is the keyword #REQUIRED', 'if the default declaration is the keyword #REQUIRED']
['null', 'null']
['null', 'null']
['null', 'null']
['null', 'null']
['null', 'null']
['null', 'null']
['null', 'null']
['null', 'null']
['null', 'null']
['null', 'null']
['null', 'null']
['null', 'null']
['null', 'null']
['null', 'null']
['null', 'null']
['as if it was declared on the root of the Tree', 'as if it was declared on the root of the Tree']
['null', 'null']
['null', 'null']
['null', 'null']
['null', 'null']
['null', 'null']
['null', 'null']
['if any external markup declarations contain declarations', 'if any external markup declarations contain declarations']
['null', 'null']
['null', 'null']
['null', 'null']
['null', 'null']
['null', 'null']
['null', 'null']
['null', 'null']
['null', 'null']
['when parsing entities references', 'when parsing entities references']
['null', 'null']
['null', 'null']
['null', 'null']
['null', 'null']
['null', 'null']
['null', 'null']
['null', 'null']
['null', 'null']
['null', 'null']
['null', 'null']
['null', 'null']
['null', 'null']
['null', 'null']
['null', 'null']
['null', 'null']
['null', 'null']
['null', 'null']
['null', 'null']
['null', 'null']
['null', 'null']
['null', 'null']
['null', 'null']
['null', 'null']
['null', 'null']
['null', 'null']
['null', 'null']
['null', 'null']
['null', 'null']
['null', 'null']
['null', 'null']
['null', 'null']
['null', 'null']
['null', 'null']
['null', 'null']
['null', 'null']
['null', 'null']
['null', 'null']
['null', 'null']
['null', 'null']
['null', 'null']
['null', 'null']
['null', 'null']
['null', 'null']
['null', 'null']
['null', 'null']
['null', 'null']
['null', 'null']
['null', 'null']
['null', 'null']
['null', 'null']
['null', 'null']
['null', 'null']
['null', 'null']
['null', 'null']
['null', 'null']
['null', 'null']
['null', 'null']
['null', 'null']
['null', 'null']
['null', 'null']
['null', 'null']
['null', 'null']
['null', 'null']
['null', 'null']
['null', 'null']
['null', 'null']
['null', 'null']
['null', 'null']
['null', 'null']
['null', 'null']
['null', 'null']
['null', 'null']
['null', 'null']
['null', 'null']
['null', 'null']
['null', 'null']
['null', 'null']
['null', 'null']
['if one must print the englobing parenthesis , 0 otherwise', 'if one must print the englobing parenthesis , 0 otherwise']
['if one must print the englobing parenthesis , 0 otherwise', 'if one must print the englobing parenthesis , 0 otherwise']
['if this is a parameter entity', 'if this is a parameter entity']
['if this is a parameter entity', 'if this is a parameter entity']
['if this is a parameter entity', 'if this is a parameter entity']
['if this is a parameter entity', 'if this is a parameter entity']
['if this is a parameter entity , FALSE if xmlTextWriterWriteFormatDTDInternalEntity_APIParam_5', 'if this is a parameter entity , FALSE if xmlTextWriterWriteFormatDTDInternalEntity_APIParam_5']
['if this is a parameter entity', 'if this is a parameter entity']
['null', 'null']
['null', 'null']
['null', 'null']
['null', 'null']
['null', 'null']
['null', 'null']
['null', 'null']
['null', 'null']
['null', 'null']
['null', 'null']
['null', 'null']
['null', 'null']
['null', 'null']
['null', 'null']
['null', 'null']
['null', 'null']
['null', 'null']
['null', 'null']
['null', 'null']
['null', 'null']
['If the declared xmlValidNormalizeAttributeValue_APIParam_4 is not CDATA', 'If the declared xmlValidNormalizeAttributeValue_APIParam_4 is not CDATA']
['If the declared xmlValidCtxtNormalizeAttributeValue_APIParam_5 is not CDATA', 'If the declared xmlValidCtxtNormalizeAttributeValue_APIParam_5 is not CDATA']
['null', 'null']
['null', 'null']
['null', 'null']
['null', 'null']
['null', 'null']
['null', 'null']
['null', 'null']
['null', 'null']
['null', 'null']
['null', 'null']
['null', 'null']
['null', 'null']
['null', 'null']
['null', 'null']
['null', 'null']
['null', 'null']
['null', 'null']
['null', 'null']
['null', 'null']
['null', 'null']
['null', 'null']
['null', 'null']
['null', 'null']
['null', 'null']
['null', 'null']
['null', 'null']
['null', 'null']
['null', 'null']
['null', 'null']
['null', 'null']
['null', 'null']
['null', 'null']
['null', 'null']
['null', 'null']
['null', 'null']
['null', 'null']
['null', 'null']
['null', 'null']
['null', 'null']
['null', 'null']
['null', 'null']
['null', 'null']
['null', 'null']
['null', 'null']
['null', 'null']
['null', 'null']
['null', 'null']
['null', 'null']
['null', 'null']
['null', 'null']
['null', 'null']
['null', 'null']
['null', 'null']
['null', 'null']
['null', 'null']
['null', 'null']
['null', 'null']
['null', 'null']
['null', 'null']
['null', 'null']
['null', 'null']
['null', 'null']
['null', 'null']
['null', 'null']
['null', 'null']
['null', 'null']
['null', 'null']
['null', 'null']
['null', 'null']
['null', 'null']
['null', 'null']
['null', 'null']
['null', 'null']
['null', 'null']
['null', 'null']
['null', 'null']
['null', 'null']
['null', 'null']
['null', 'null']
['null', 'null']
['null', 'null']
['null', 'null']
['null', 'null']
['null', 'null']
['null', 'null']
['null', 'null']
['null', 'null']
['null', 'null']
['null', 'null']
['null', 'null']
['null', 'null']
['null', 'null']
['null', 'null']
['null', 'null']
['null', 'null']
['null', 'null']
['null', 'null']
['null', 'null']
['null', 'null']
['null', 'null']
['null', 'null']
['null', 'null']
['null', 'null']
['null', 'null']
['null', 'null']
['null', 'null']
['null', 'null']
['null', 'null']
['null', 'null']
['null', 'null']
['null', 'null']
['null', 'null']
['null', 'null']
['null', 'null']
['null', 'null']
['null', 'null']
['null', 'null']
['null', 'null']
['null', 'null']
['null', 'null']
['null', 'null']
['null', 'null']
['null', 'null']
['null', 'null']
['If the result is a number', 'If the result is a number']
['If the result is a number', 'If the result is a number']
['If the result is a number', 'If the result is a number']
['If the result is a number', 'If the result is a number']
['null', 'null']
['null', 'null']
['null', 'null']
['null', 'null']
['null', 'null']
['null', 'null']
['null', 'null']
['null', 'null']
['null', 'null']
['null', 'null']
['null', 'null']
['null', 'null']
['null', 'null']
['null', 'null']
['null', 'null']
['null', 'null']
['null', 'null']
['null', 'null']
['null', 'null']
['null', 'null']
['null', 'null']
['null', 'null']
['null', 'null']
['null', 'null']
['null', 'null']
['null', 'null']
['null', 'null']
['null', 'null']
['null', 'null']
['null', 'null']
['null', 'null']
['null', 'null']
['null', 'null']
['null', 'null']
['null', 'null']
['null', 'null']
['null', 'null']
['null', 'null']
['null', 'null']
['null', 'null']
['null', 'null']
['null', 'null']
['null', 'null']
['null', 'null']
['null', 'null']
['null', 'null']
['null', 'null']
['null', 'null']
['null', 'null']
['null', 'null']
['null', 'null']
['null', 'null']
['null', 'null']
['null', 'null']
['null', 'null']
['null', 'null']
['null', 'null']
['null', 'null']
['null', 'null']
['null', 'null']
['null', 'null']
['null', 'null']
['null', 'null']
['null', 'null']
['null', 'null']
['null', 'null']
['null', 'null']
['null', 'null']
['null', 'null']
['null', 'null']
['null', 'null']
['null', 'null']
['null', 'null']
['null', 'null']
['null', 'null']
['null', 'null']
['null', 'null']
['null', 'null']
['null', 'null']
['null', 'null']
['null', 'null']
['null', 'null']
['null', 'null']
['null', 'null']
['null', 'null']
['null', 'null']
['null', 'null']
['null', 'null']
['null', 'null']
['null', 'null']
['null', 'null']
['null', 'null']
['null', 'null']
['null', 'null']
['null', 'null']
['null', 'null']
['null', 'null']
['null', 'null']
['null', 'null']
['null', 'null']
['null', 'null']
['null', 'null']
['null', 'null']
['null', 'null']
['null', 'null']
['null', 'null']
['null', 'null']
['null', 'null']
['null', 'null']
['null', 'null']
['null', 'null']
['null', 'null']
['null', 'null']
['null', 'null']
['null', 'null']
['null', 'null']
['null', 'null']
['null', 'null']
['null', 'null']
['null', 'null']
['null', 'null']
['null', 'null']
['null', 'null']
['null', 'null']
['null', 'null']
['null', 'null']
['null', 'null']
['null', 'null']
['null', 'null']
['null', 'null']
['null', 'null']
['null', 'null']
['null', 'null']
['null', 'null']
['null', 'null']
['null', 'null']
['null', 'null']
['null', 'null']
['null', 'null']
['null', 'null']
['null', 'null']
['null', 'null']
['null', 'null']
['null', 'null']
['null', 'null']
['null', 'null']
['null', 'null']
['null', 'null']
['null', 'null']
['null', 'null']
['null', 'null']
['null', 'null']
['null', 'null']
['null', 'null']
['null', 'null']
['null', 'null']
['null', 'null']
['null', 'null']
['null', 'null']
['null', 'null']
['null', 'null']
['null', 'null']
['null', 'null']
['null', 'null']
['null', 'null']
['null', 'null']
['null', 'null']
['null', 'null']
['null', 'null']
['null', 'null']
['null', 'null']
['null', 'null']
['null', 'null']
['null', 'null']
['null', 'null']
['null', 'null']
['null', 'null']
['null', 'null']
['null', 'null']
['null', 'null']
['null', 'null']
['null', 'null']
['null', 'null']
['null', 'null']
['null', 'null']
['null', 'null']
['null', 'null']
['null', 'null']
['null', 'null']
['null', 'null']
['null', 'null']
['null', 'null']
['null', 'null']
['null', 'null']
['null', 'null']
['null', 'null']
['null', 'null']
['null', 'null']
['null', 'null']
['null', 'null']
['null', 'null']
['null', 'null']
['null', 'null']
['null', 'null']
['null', 'null']
['null', 'null']
['null', 'null']
['null', 'null']
['null', 'null']
['null', 'null']
['null', 'null']
['null', 'null']
['null', 'null']
['null', 'null']
['null', 'null']
['null', 'null']
['null', 'null']
['null', 'null']
['null', 'null']
['null', 'null']
['null', 'null']
['null', 'null']
['null', 'null']
['null', 'null']
['null', 'null']
['null', 'null']
['null', 'null']
['null', 'null']
['null', 'null']
['if the xmlBuildRelativeURI_APIParam_1 reference is really wierd or complicated', 'if the xmlBuildRelativeURI_APIParam_1 reference is really wierd or complicated']
['null', 'null']
['null', 'null']
['null', 'null']
['null', 'null']
['null', 'null']
['null', 'null']
['null', 'null']
['null', 'null']
['null', 'null']
['null', 'null']
['null', 'null']
['null', 'null']
['null', 'null']
['null', 'null']
['null', 'null']
['null', 'null']
['null', 'null']
['null', 'null']
['null', 'null']
['null', 'null']
['null', 'null']
['null', 'null']
['null', 'null']
['null', 'null']
['null', 'null']
['null', 'null']
['null', 'null']
['null', 'null']
['null', 'null']
['null', 'null']
['null', 'null']
['null', 'null']
['null', 'null']
['null', 'null']
['null', 'null']
['null', 'null']
['null', 'null']
['null', 'null']
['null', 'null']
['null', 'null']
['null', 'null']
['null', 'null']
['null', 'null']
['null', 'null']
['null', 'null']
['during the parsing process', 'during the parsing process']
['during the parsing process', 'during the parsing process']
['during the parsing process', 'during the parsing process']
['during the parsing process', 'during the parsing process']
['null', 'null']
['null', 'null']
['null', 'null']
['null', 'null']
['null', 'null']
['null', 'null']
['null', 'null']
['null', 'null']
['null', 'null']
['null', 'null']
['null', 'null']
['null', 'null']
['null', 'null']
['null', 'null']
['null', 'null']
['null', 'null']
['null', 'null']
['null', 'null']
['null', 'null']
['null', 'null']
['null', 'null']
['null', 'null']
['null', 'null']
['null', 'null']
['null', 'null']
['null', 'null']
['null', 'null']
['null', 'null']
['null', 'null']
['null', 'null']
['null', 'null']
['null', 'null']
['null', 'null']
['null', 'null']
['null', 'null']
['null', 'null']
['null', 'null']
['null', 'null']
['null', 'null']
['null', 'null']
['null', 'null']
['null', 'null']
['null', 'null']
['null', 'null']
['null', 'null']
['null', 'null']
['null', 'null']
['null', 'null']
['null', 'null']
['null', 'null']
['null', 'null']
['null', 'null']
['If stateful', 'If stateful']
['null', 'null']
['null', 'null']
['null', 'null']
['null', 'null']
['null', 'null']
['null', 'null']
['null', 'null']
['null', 'null']
['while public', 'while public']
['null', 'null']
['null', 'null']
['null', 'null']
['null', 'null']
['null', 'null']
['null', 'null']
['null', 'null']
['null', 'null']
['null', 'null']
['null', 'null']
['null', 'null']
['null', 'null']
['null', 'null']
['null', 'null']
['null', 'null']
['null', 'null']
['null', 'null']
['null', 'null']
['null', 'null']
['null', 'null']
['null', 'null']
['null', 'null']
['null', 'null']
['null', 'null']
['null', 'null']
['null', 'null']
['null', 'null']
['null', 'null']
['null', 'null']
['null', 'null']
['null', 'null']
['null', 'null']
['null', 'null']
['null', 'null']
['null', 'null']
['null', 'null']
['null', 'null']
['null', 'null']
['null', 'null']
['null', 'null']
['null', 'null']
['null', 'null']
['null', 'null']
['null', 'null']
['null', 'null']
['null', 'null']
['null', 'null']
['null', 'null']
['null', 'null']
['null', 'null']
['null', 'null']
['null', 'null']
['null', 'null']
['null', 'null']
['null', 'null']
['null', 'null']
['null', 'null']
['null', 'null']
['null', 'null']
['null', 'null']
['null', 'null']
['null', 'null']
['null', 'null']
['null', 'null']
['null', 'null']
['null', 'null']
['null', 'null']
['null', 'null']
['null', 'null']
['null', 'null']
['null', 'null']
['null', 'null']
['null', 'null']
['null', 'null']
['null', 'null']
['null', 'null']
['null', 'null']
['null', 'null']
['null', 'null']
['null', 'null']
['null', 'null']
['null', 'null']
['null', 'null']
['If there is an error in the protocol , hostname , port or other information', 'If there is an error in the protocol , hostname , port or other information']
['null', 'null']
['null', 'null']
['null', 'null']
['null', 'null']
['null', 'null']
['null', 'null']
['null', 'null']
['if there is no inclusive namespaces', 'if there is no inclusive namespaces']
['if there is no inclusive namespaces', 'if there is no inclusive namespaces']
['if there is no inclusive namespaces', 'if there is no inclusive namespaces']
['if there is no inclusive namespaces', 'if there is no inclusive namespaces']
['null', 'null']
['null', 'null']
['null', 'null']
['null', 'null']
['null', 'null']
['null', 'null']
['null', 'null']
['null', 'null']
['null', 'null']
['null', 'null']
['null', 'null']
['null', 'null']
['null', 'null']
['null', 'null']
['null', 'null']
['null', 'null']
['null', 'null']
['null', 'null']
['null', 'null']
['null', 'null']
['null', 'null']
['null', 'null']
['null', 'null']
['null', 'null']
['null', 'null']
['null', 'null']
['null', 'null']
['null', 'null']
['null', 'null']
['null', 'null']
['null', 'null']
['null', 'null']
['null', 'null']
['null', 'null']
['null', 'null']
['null', 'null']
['null', 'null']
['null', 'null']
['null', 'null']
['null', 'null']
['null', 'null']
['null', 'null']
['null', 'null']
['null', 'null']
['null', 'null']
['null', 'null']
['null', 'null']
['null', 'null']
['null', 'null']
['null', 'null']
['null', 'null']
['null', 'null']
['null', 'null']
['null', 'null']
['null', 'null']
['null', 'null']
['null', 'null']
['null', 'null']
['null', 'null']
['null', 'null']
['null', 'null']
['null', 'null']
['null', 'null']
['null', 'null']
['null', 'null']
['null', 'null']
['null', 'null']
['null', 'null']
['null', 'null']
['null', 'null']
['null', 'null']
['null', 'null']
['null', 'null']
['null', 'null']
['null', 'null']
['null', 'null']
['null', 'null']
['null', 'null']
['null', 'null']
['null', 'null']
['null', 'null']
['null', 'null']
['null', 'null']
['null', 'null']
['null', 'null']
['null', 'null']
['null', 'null']
['null', 'null']
['null', 'null']
['null', 'null']
['null', 'null']
['null', 'null']
['null', 'null']
['null', 'null']
['null', 'null']
['null', 'null']
['null', 'null']
['null', 'null']
['null', 'null']
['null', 'null']
['null', 'null']
['null', 'null']
['null', 'null']
['null', 'null']
['null', 'null']
['null', 'null']
['null', 'null']
['null', 'null']
['null', 'null']
['null', 'null']
['null', 'null']
['null', 'null']
['null', 'null']
['null', 'null']
['null', 'null']
['null', 'null']
['null', 'null']
['null', 'null']
['null', 'null']
['null', 'null']
['null', 'null']
['null', 'null']
['null', 'null']
['null', 'null']
['null', 'null']
['null', 'null']
['null', 'null']
['null', 'null']
['null', 'null']
['null', 'null']
['null', 'null']
['null', 'null']
['null', 'null']
['if provided', 'if provided']
['if provided', 'if provided']
['if provided', 'if provided']
['if provided', 'if provided']
['if provided', 'if provided']
['null', 'null']
['null', 'null']
['null', 'null']
['null', 'null']
['null', 'null']
['null', 'null']
['null', 'null']
['null', 'null']
['null', 'null']
['null', 'null']
['null', 'null']
['null', 'null']
['null', 'null']
['null', 'null']
['null', 'null']
['null', 'null']
['null', 'null']
['null', 'null']
['if and only', 'if and only']
['if and only', 'if and only']
['if and only', 'if and only']
['if and only', 'if and only']
['null', 'null']
['null', 'null']
['if and only if it is neither positive or negative zero nor NaN - a node-set is true if and only if it is non-empty - a string is true if and only if its length is non-zero', 'if and only if it is neither positive or negative zero nor NaN - a node-set is true if and only if it is non-empty - a string is true if and only if its length is non-zero']
['null', 'null']
['null', 'null']
['null', 'null']
['null', 'null']
['null', 'null']
['null', 'null']
['null', 'null']
['null', 'null']
['When the argument to id is of type node-set', 'When the argument to id is of type node-set']
['null', 'null']
['null', 'null']
['null', 'null']
['null', 'null']
['null', 'null']
['null', 'null']
['null', 'null']
['null', 'null']
['null', 'null']
['null', 'null']
['null', 'null']
['null', 'null']
['null', 'null']
['null', 'null']
['null', 'null']
['null', 'null']
['null', 'null']
['null', 'null']
['null', 'null']
['null', 'null']
['null', 'null']
['null', 'null']
['null', 'null']
['null', 'null']
['null', 'null']
['null', 'null']
['null', 'null']
['null', 'null']
['null', 'null']
['null', 'null']
['null', 'null']
['null', 'null']
['null', 'null']
['null', 'null']
['null', 'null']
['null', 'null']
['null', 'null']
['null', 'null']
['null', 'null']
['null', 'null']
['null', 'null']
['null', 'null']
['null', 'null']
['null', 'null']
['null', 'null']
['If there is a character in the second argument string with no character at a corresponding position in the third argument string', 'If there is a character in the second argument string with no character at a corresponding position in the third argument string']
['null', 'null']
['null', 'null']
['null', 'null']
['null', 'null']
['null', 'null']
['if the number is an integer', 'if the number is an integer']
['null', 'null']
['null', 'null']
['null', 'null']
['null', 'null']
['null', 'null']
['null', 'null']
['null', 'null']
['null', 'null']
['null', 'null']
['null', 'null']
['null', 'null']
['null', 'null']
['null', 'null']
['null', 'null']
['null', 'null']
['if the call xmlPatterncompile_APIName indicated a dictionary', 'if the call xmlPatterncompile_APIName indicated a dictionary']
['if the call xmlPatterncompile_APIName indicated a dictionary', 'if the call xmlPatterncompile_APIName indicated a dictionary']
['if the call xmlPatterncompile_APIName indicated a dictionary', 'if the call xmlPatterncompile_APIName indicated a dictionary']
['null', 'null']
['null', 'null']
['If the result is 0 only', 'If the result is 0 only']
['null', 'null']
['null', 'null']
['null', 'null']
['null', 'null']
['null', 'null']
['null', 'null']
['null', 'null']
['null', 'null']
['null', 'null']
['null', 'null']
['null', 'null']
['null', 'null']
['null', 'null']
['null', 'null']
['null', 'null']
['null', 'null']
['null', 'null']
['if there was already some allocations done', 'if there was already some allocations done']
['if there was already some allocations done', 'if there was already some allocations done']
['null', 'null']
['null', 'null']
['null', 'null']
['null', 'null']
['null', 'null']
['null', 'null']
['null', 'null']
['null', 'null']
['null', 'null']
['null', 'null']
['null', 'null']
['null', 'null']
['null', 'null']
['null', 'null']
['null', 'null']
['null', 'null']
['null', 'null']
['null', 'null']
['null', 'null']
['null', 'null']
['null', 'null']
['null', 'null']
['null', 'null']
['null', 'null']
['null', 'null']
['null', 'null']
['null', 'null']
['null', 'null']
['null', 'null']
['null', 'null']
['null', 'null']
['null', 'null']
['null', 'null']
['null', 'null']
['null', 'null']
['null', 'null']
['when the process has finished using the library and all XML/HTML documents built with it', 'when the process has finished using the library and all XML/HTML documents built with it']
['if parsing a file', 'if parsing a file']
['null', 'null']
['null', 'null']
['null', 'null']
['null', 'null']
['null', 'null']
['null', 'null']
['null', 'null']
['null', 'null']
['null', 'null']
['null', 'null']
['null', 'null']
['null', 'null']
['null', 'null']
['null', 'null']
['null', 'null']
['null', 'null']
['null', 'null']
['null', 'null']
['null', 'null']
['null', 'null']
['null', 'null']
['null', 'null']
['null', 'null']
['null', 'null']
['null', 'null']
['null', 'null']
['null', 'null']
['null', 'null']
['null', 'null']
['null', 'null']
['null', 'null']
['null', 'null']
['null', 'null']
['null', 'null']
['null', 'null']
['null', 'null']
['null', 'null']
['null', 'null']
['null', 'null']
['null', 'null']
['null', 'null']
['null', 'null']
['null', 'null']
['null', 'null']
['null', 'null']
['null', 'null']
['null', 'null']
['null', 'null']
['null', 'null']
['null', 'null']
['null', 'null']
['null', 'null']
['null', 'null']
['null', 'null']
['null', 'null']
['null', 'null']
['null', 'null']
['null', 'null']
['null', 'null']
['null', 'null']
['null', 'null']
['null', 'null']
['null', 'null']
['null', 'null']
['null', 'null']
['null', 'null']
['null', 'null']
['null', 'null']
['null', 'null']
['null', 'null']
['null', 'null']
['If xmlSAXParseDoc_APIParam_1', 'If xmlSAXParseDoc_APIParam_1']
['If xmlSAXParseEntity_APIParam_1', 'If xmlSAXParseEntity_APIParam_1']
['If xmlSAXParseFile_APIParam_1', 'If xmlSAXParseFile_APIParam_1']
['If xmlSAXParseFileWithData_APIParam_1', 'If xmlSAXParseFileWithData_APIParam_1']
['If xmlSAXParseMemory_APIParam_1', 'If xmlSAXParseMemory_APIParam_1']
['If xmlSAXParseMemoryWithData_APIParam_1', 'If xmlSAXParseMemoryWithData_APIParam_1']
['If htmlSAXParseFile_APIParam_3', 'If htmlSAXParseFile_APIParam_3']
['If xmlSAXParseDoc_APIParam_1', 'If xmlSAXParseDoc_APIParam_1']
['If xmlSAXParseEntity_APIParam_1', 'If xmlSAXParseEntity_APIParam_1']
['If xmlSAXParseFile_APIParam_1', 'If xmlSAXParseFile_APIParam_1']
['If xmlSAXParseFileWithData_APIParam_1', 'If xmlSAXParseFileWithData_APIParam_1']
['If xmlSAXParseMemory_APIParam_1', 'If xmlSAXParseMemory_APIParam_1']
['If xmlSAXParseMemoryWithData_APIParam_1', 'If xmlSAXParseMemoryWithData_APIParam_1']
['If htmlSAXParseFile_APIParam_3', 'If htmlSAXParseFile_APIParam_3']
['If xmlSAXParseDoc_APIParam_1', 'If xmlSAXParseDoc_APIParam_1']
['If xmlSAXParseEntity_APIParam_1', 'If xmlSAXParseEntity_APIParam_1']
['If xmlSAXParseFile_APIParam_1', 'If xmlSAXParseFile_APIParam_1']
['If xmlSAXParseFileWithData_APIParam_1', 'If xmlSAXParseFileWithData_APIParam_1']
['If xmlSAXParseMemory_APIParam_1', 'If xmlSAXParseMemory_APIParam_1']
['If xmlSAXParseMemoryWithData_APIParam_1', 'If xmlSAXParseMemoryWithData_APIParam_1']
['If htmlSAXParseFile_APIParam_3', 'If htmlSAXParseFile_APIParam_3']
['If xmlSAXParseDoc_APIParam_1', 'If xmlSAXParseDoc_APIParam_1']
['If xmlSAXParseEntity_APIParam_1', 'If xmlSAXParseEntity_APIParam_1']
['If xmlSAXParseFile_APIParam_1', 'If xmlSAXParseFile_APIParam_1']
['If xmlSAXParseFileWithData_APIParam_1', 'If xmlSAXParseFileWithData_APIParam_1']
['If xmlSAXParseMemory_APIParam_1', 'If xmlSAXParseMemory_APIParam_1']
['If xmlSAXParseMemoryWithData_APIParam_1', 'If xmlSAXParseMemoryWithData_APIParam_1']
['If htmlSAXParseFile_APIParam_3', 'If htmlSAXParseFile_APIParam_3']
['If xmlSAXParseDoc_APIParam_1', 'If xmlSAXParseDoc_APIParam_1']
['If xmlSAXParseEntity_APIParam_1', 'If xmlSAXParseEntity_APIParam_1']
['If xmlSAXParseFile_APIParam_1', 'If xmlSAXParseFile_APIParam_1']
['If xmlSAXParseFileWithData_APIParam_1', 'If xmlSAXParseFileWithData_APIParam_1']
['If xmlSAXParseMemory_APIParam_1', 'If xmlSAXParseMemory_APIParam_1']
['If xmlSAXParseMemoryWithData_APIParam_1', 'If xmlSAXParseMemoryWithData_APIParam_1']
['If htmlSAXParseFile_APIParam_3', 'If htmlSAXParseFile_APIParam_3']
['If xmlSAXParseDoc_APIParam_1', 'If xmlSAXParseDoc_APIParam_1']
['If xmlSAXParseEntity_APIParam_1', 'If xmlSAXParseEntity_APIParam_1']
['If xmlSAXParseFile_APIParam_1', 'If xmlSAXParseFile_APIParam_1']
['If xmlSAXParseFileWithData_APIParam_1', 'If xmlSAXParseFileWithData_APIParam_1']
['If xmlSAXParseMemory_APIParam_1', 'If xmlSAXParseMemory_APIParam_1']
['If xmlSAXParseMemoryWithData_APIParam_1', 'If xmlSAXParseMemoryWithData_APIParam_1']
['If htmlSAXParseFile_APIParam_3', 'If htmlSAXParseFile_APIParam_3']
['If xmlSAXParseDoc_APIParam_1', 'If xmlSAXParseDoc_APIParam_1']
['If xmlSAXParseEntity_APIParam_1', 'If xmlSAXParseEntity_APIParam_1']
['If xmlSAXParseFile_APIParam_1', 'If xmlSAXParseFile_APIParam_1']
['If xmlSAXParseFileWithData_APIParam_1', 'If xmlSAXParseFileWithData_APIParam_1']
['If xmlSAXParseMemory_APIParam_1', 'If xmlSAXParseMemory_APIParam_1']
['If xmlSAXParseMemoryWithData_APIParam_1', 'If xmlSAXParseMemoryWithData_APIParam_1']
['If htmlSAXParseFile_APIParam_3', 'If htmlSAXParseFile_APIParam_3']
['null', 'null']
['null', 'null']
['null', 'null']
['null', 'null']
['null', 'null']
['null', 'null']
['null', 'null']
['null', 'null']
['null', 'null']
['null', 'null']
['null', 'null']
['null', 'null']
['null', 'null']
['null', 'null']
['null', 'null']
['null', 'null']
['null', 'null']
['null', 'null']
['null', 'null']
['null', 'null']
['null', 'null']
['null', 'null']
['null', 'null']
['null', 'null']
['null', 'null']
['null', 'null']
['null', 'null']
['null', 'null']
['null', 'null']
['null', 'null']
['null', 'null']
['null', 'null']
['null', 'null']
['If @destParent is given', 'If call xmlXPathIsNodeType_APIName']
['null', 'null']
['If @destParent is given', 'If call xmlXPathIsNodeType_APIName']
['null', 'null']
['null', 'null']
['null', 'null']
['null', 'null']
['null', 'null']
['null', 'null']
['null', 'null']
['null', 'null']
['null', 'null']
['null', 'null']
['null', 'null']
['null', 'null']
['null', 'null']
['null', 'null']
['null', 'null']
['null', 'null']
['null', 'null']
['null', 'null']
['null', 'null']
['null', 'null']
['null', 'null']
['null', 'null']
['null', 'null']
['null', 'null']
['null', 'null']
['null', 'null']
['null', 'null']
['null', 'null']
['null', 'null']
['null', 'null']
['null', 'null']
['null', 'null']
['null', 'null']
['null', 'null']
['null', 'null']
['null', 'null']
['null', 'null']
['null', 'null']
['null', 'null']
['if a copy of @name string is', 'if a copy of @name string is']
['if @content', 'if @content']
['null', 'null']
['null', 'null']
['null', 'null']
['null', 'null']
['null', 'null']
['null', 'null']
['null', 'null']
['null', 'null']
['null', 'null']
['null', 'null']
['null', 'null']
['null', 'null']
['null', 'null']
['null', 'null']
['null', 'null']
['null', 'null']
['null', 'null']
['null', 'null']
['null', 'null']
['null', 'null']
['null', 'null']
['null', 'null']
['null', 'null']
['null', 'null']
['null', 'null']
['null', 'null']
['null', 'null']
['null', 'null']
['null', 'null']
['null', 'null']
['null', 'null']
['null', 'null']
['null', 'null']
['null', 'null']
['null', 'null']
['null', 'null']
['null', 'null']
['null', 'null']
['null', 'null']
['null', 'null']
['null', 'null']
['null', 'null']
['null', 'null']
['null', 'null']
['null', 'null']
['null', 'null']
['null', 'null']
['null', 'null']
['null', 'null']
['null', 'null']
['null', 'null']
['null', 'null']
['null', 'null']
['null', 'null']
['null', 'null']
['null', 'null']
['null', 'null']
['null', 'null']
['null', 'null']
['null', 'null']
['null', 'null']
['null', 'null']
['null', 'null']
['null', 'null']
['null', 'null']
['null', 'null']
['null', 'null']
['null', 'null']
['null', 'null']
['null', 'null']
['null', 'null']
['null', 'null']
['null', 'null']
['null', 'null']
['null', 'null']
['null', 'null']
['null', 'null']
['null', 'null']
['null', 'null']
['null', 'null']
['null', 'null']
['null', 'null']
['null', 'null']
['null', 'null']
['null', 'null']
['null', 'null']
['null', 'null']
['null', 'null']
['null', 'null']
['null', 'null']
['null', 'null']
['null', 'null']
['null', 'null']
['null', 'null']
['null', 'null']
['null', 'null']
['null', 'null']
['null', 'null']
['null', 'null']
['null', 'null']
['null', 'null']
['null', 'null']
['null', 'null']
['null', 'null']
['null', 'null']
['null', 'null']
['null', 'null']
['null', 'null']
['null', 'null']
['null', 'null']
['null', 'null']
['null', 'null']
['null', 'null']
['null', 'null']
['null', 'null']
['null', 'null']
['null', 'null']
['null', 'null']
['null', 'null']
['null', 'null']
['currently if xmlOutputBufferCreateFilename_APIParam_3 is set', 'currently if xmlOutputBufferCreateFilename_APIParam_3 is set']
['null', 'null']
['null', 'null']
['null', 'null']
['null', 'null']
['null', 'null']
['null', 'null']
['null', 'null']
['null', 'null']
['null', 'null']
['null', 'null']
['null', 'null']
['null', 'null']
['null', 'null']
['null', 'null']
['null', 'null']
['null', 'null']
['null', 'null']
['null', 'null']
['null', 'null']
['null', 'null']
['null', 'null']
['null', 'null']
['null', 'null']
['null', 'null']
['null', 'null']
['null', 'null']
['null', 'null']
['null', 'null']
['null', 'null']
['null', 'null']
['null', 'null']
['null', 'null']
['null', 'null']
['null', 'null']
['null', 'null']
['null', 'null']
['null', 'null']
['null', 'null']
['null', 'null']
['null', 'null']
['null', 'null']
['null', 'null']
['null', 'null']
['null', 'null']
['null', 'null']
['null', 'null']
['null', 'null']
['null', 'null']
['null', 'null']
['null', 'null']
['null', 'null']
['null', 'null']
['null', 'null']
['null', 'null']
["if the xmlSchemaValidateFacetWhtsp_APIParam_1 is of type `` pattern ''", 'if the xmlSchemaValidateFacetWhtsp_APIParam_1 is of type  pattern']
['null', 'null']
